<?xml version="1.0" encoding="UTF-8"?>
<TestRun id="956803bf-308f-4fab-bc76-dde20028380d" name="Matthew@MATTHEW-PC 2011-03-13 20:58:46" runUser="Matthew-PC\Matthew" xmlns="http://microsoft.com/schemas/VisualStudio/TeamTest/2010">
  <TestSettings name="Default Test Settings" id="e2edd4c3-dc0e-43fe-bcb2-0ef20fe4a1d7">
    <Deployment runDeploymentRoot="Matthew_MATTHEW-PC 2011-03-13 20_58_46">
      <DeploymentItem filename="C:\codeplex\Munq3\IocContainer\Munq.IocContainer.UnitTests\MvcFakes.dll" />
      <DeploymentItem filename="C:\codeplex\Munq3\IocContainer\Munq.IocContainer\bin\Debug\Munq.IocContainer.dll" />
      <DeploymentItem filename="C:\codeplex\Munq3\IocContainer\Munq.IocContainer.UnitTests\bin\Debug\Munq.FluentTest.dll" />
    </Deployment>
    <Execution>
      <TestTypeSpecific />
      <AgentRule name="Execution Agents">
      </AgentRule>
    </Execution>
  </TestSettings>
  <Times creation="2011-03-13T20:58:46.7883193-04:00" queuing="2011-03-13T20:58:49.9404996-04:00" start="2011-03-13T20:58:50.1805133-04:00" finish="2011-03-13T20:58:59.3860398-04:00" />
  <ResultSummary outcome="Completed">
    <Counters total="63" executed="63" passed="63" error="0" failed="0" timeout="0" aborted="0" inconclusive="0" passedButRunAborted="0" notRunnable="0" notExecuted="0" disconnected="0" warning="0" completed="0" inProgress="0" pending="0" />
  </ResultSummary>
  <TestDefinitions>
    <UnitTest name="NonGenericNamelessLazyResolveReturnsDelegateReturningObjectOfExpectedType" storage="c:\codeplex\munq3\ioccontainer\munq.ioccontainer.unittests\bin\debug\munq.ioccontainer.unittests.dll" id="b284fe69-a348-9433-e2b1-e6a7b3d35279">
      <Execution id="2de8a937-11b6-43d0-af40-2c97b2b6f571" />
      <TestMethod codeBase="C:/codeplex/Munq3/IocContainer/Munq.IocContainer.UnitTests/bin/Debug/Munq.IocContainer.UnitTests.DLL" adapterTypeName="Microsoft.VisualStudio.TestTools.TestTypes.Unit.UnitTestAdapter, Microsoft.VisualStudio.QualityTools.Tips.UnitTest.Adapter, Version=10.0.0.0, Culture=neutral, PublicKeyToken=b03f5f7f11d50a3a" className="Munq.Test.ContainerInterfaceTests, Munq.IocContainer.UnitTests, Version=1.0.0.0, Culture=neutral, PublicKeyToken=null" name="NonGenericNamelessLazyResolveReturnsDelegateReturningObjectOfExpectedType" />
    </UnitTest>
    <UnitTest name="AttemptingToResolveANonexistingEntryThrows" storage="c:\codeplex\munq3\ioccontainer\munq.ioccontainer.unittests\bin\debug\munq.ioccontainer.unittests.dll" id="a479c1b2-437f-35db-c5cb-e932a3a155a6">
      <Execution id="f992970b-774c-4658-ace8-240de67e3743" />
      <TestMethod codeBase="C:/codeplex/Munq3/IocContainer/Munq.IocContainer.UnitTests/bin/Debug/Munq.IocContainer.UnitTests.DLL" adapterTypeName="Microsoft.VisualStudio.TestTools.TestTypes.Unit.UnitTestAdapter, Microsoft.VisualStudio.QualityTools.Tips.UnitTest.Adapter, Version=10.0.0.0, Culture=neutral, PublicKeyToken=b03f5f7f11d50a3a" className="Munq.Test.ContainerInterfaceTests, Munq.IocContainer.UnitTests, Version=1.0.0.0, Culture=neutral, PublicKeyToken=null" name="AttemptingToResolveANonexistingEntryThrows" />
    </UnitTest>
    <UnitTest name="NamedTypeWithParametersRegistrationResolvesToCorrectType" storage="c:\codeplex\munq3\ioccontainer\munq.ioccontainer.unittests\bin\debug\munq.ioccontainer.unittests.dll" id="2b2768a0-9a09-43f4-0d4f-b546218c887b">
      <Execution id="3d9c07aa-b34a-4137-b50a-70772d65fb7d" />
      <TestMethod codeBase="C:/codeplex/Munq3/IocContainer/Munq.IocContainer.UnitTests/bin/Debug/Munq.IocContainer.UnitTests.DLL" adapterTypeName="Microsoft.VisualStudio.TestTools.TestTypes.Unit.UnitTestAdapter, Microsoft.VisualStudio.QualityTools.Tips.UnitTest.Adapter, Version=10.0.0.0, Culture=neutral, PublicKeyToken=b03f5f7f11d50a3a" className="Munq.Test.ContainerInterfaceTests, Munq.IocContainer.UnitTests, Version=1.0.0.0, Culture=neutral, PublicKeyToken=null" name="NamedTypeWithParametersRegistrationResolvesToCorrectType" />
    </UnitTest>
    <UnitTest name="TypeRegisterWhenTImplHasNoPublicConstructorThrows" storage="c:\codeplex\munq3\ioccontainer\munq.ioccontainer.unittests\bin\debug\munq.ioccontainer.unittests.dll" id="85732068-c00f-106c-8c3f-0f4948b43550">
      <Execution id="9bf18621-fe06-4c8f-9cfa-863295a4258e" />
      <TestMethod codeBase="C:/codeplex/Munq3/IocContainer/Munq.IocContainer.UnitTests/bin/Debug/Munq.IocContainer.UnitTests.DLL" adapterTypeName="Microsoft.VisualStudio.TestTools.TestTypes.Unit.UnitTestAdapter, Microsoft.VisualStudio.QualityTools.Tips.UnitTest.Adapter, Version=10.0.0.0, Culture=neutral, PublicKeyToken=b03f5f7f11d50a3a" className="Munq.Test.ContainerInterfaceTests, Munq.IocContainer.UnitTests, Version=1.0.0.0, Culture=neutral, PublicKeyToken=null" name="TypeRegisterWhenTImplHasNoPublicConstructorThrows" />
    </UnitTest>
    <UnitTest name="UnnamedTypeWithParametersRegistrationResolvesToCorrectType" storage="c:\codeplex\munq3\ioccontainer\munq.ioccontainer.unittests\bin\debug\munq.ioccontainer.unittests.dll" id="ea6f0aba-3043-62ef-066f-025b85dc42f9">
      <Execution id="6f7ce752-ad44-4ce1-b1ab-3faff5d0957c" />
      <TestMethod codeBase="C:/codeplex/Munq3/IocContainer/Munq.IocContainer.UnitTests/bin/Debug/Munq.IocContainer.UnitTests.DLL" adapterTypeName="Microsoft.VisualStudio.TestTools.TestTypes.Unit.UnitTestAdapter, Microsoft.VisualStudio.QualityTools.Tips.UnitTest.Adapter, Version=10.0.0.0, Culture=neutral, PublicKeyToken=b03f5f7f11d50a3a" className="Munq.Test.ContainerInterfaceTests, Munq.IocContainer.UnitTests, Version=1.0.0.0, Culture=neutral, PublicKeyToken=null" name="UnnamedTypeWithParametersRegistrationResolvesToCorrectType" />
    </UnitTest>
    <UnitTest name="NonGenericNamelessRegistrationReturnsRegistrationObject" storage="c:\codeplex\munq3\ioccontainer\munq.ioccontainer.unittests\bin\debug\munq.ioccontainer.unittests.dll" id="bd94bb4a-d7fb-5f14-9e4b-e5eeeb44c3db">
      <Execution id="41d67e98-7f48-45c7-bcf7-4eb11e11ea4e" />
      <TestMethod codeBase="C:/codeplex/Munq3/IocContainer/Munq.IocContainer.UnitTests/bin/Debug/Munq.IocContainer.UnitTests.DLL" adapterTypeName="Microsoft.VisualStudio.TestTools.TestTypes.Unit.UnitTestAdapter, Microsoft.VisualStudio.QualityTools.Tips.UnitTest.Adapter, Version=10.0.0.0, Culture=neutral, PublicKeyToken=b03f5f7f11d50a3a" className="Munq.Test.ContainerInterfaceTests, Munq.IocContainer.UnitTests, Version=1.0.0.0, Culture=neutral, PublicKeyToken=null" name="NonGenericNamelessRegistrationReturnsRegistrationObject" />
    </UnitTest>
    <UnitTest name="NonGenericNamelessInstanceRegistrationReturnsRegistrationObject" storage="c:\codeplex\munq3\ioccontainer\munq.ioccontainer.unittests\bin\debug\munq.ioccontainer.unittests.dll" id="8abbdcc9-980c-160e-1935-a1781d061c23">
      <Execution id="f2ee4498-f790-4799-a0e0-1cd7b8c09dc3" />
      <TestMethod codeBase="C:/codeplex/Munq3/IocContainer/Munq.IocContainer.UnitTests/bin/Debug/Munq.IocContainer.UnitTests.DLL" adapterTypeName="Microsoft.VisualStudio.TestTools.TestTypes.Unit.UnitTestAdapter, Microsoft.VisualStudio.QualityTools.Tips.UnitTest.Adapter, Version=10.0.0.0, Culture=neutral, PublicKeyToken=b03f5f7f11d50a3a" className="Munq.Test.ContainerInterfaceTests, Munq.IocContainer.UnitTests, Version=1.0.0.0, Culture=neutral, PublicKeyToken=null" name="NonGenericNamelessInstanceRegistrationReturnsRegistrationObject" />
    </UnitTest>
    <UnitTest name="NamedAndUnnamedRegistrationsResolveToDifferentTypes" storage="c:\codeplex\munq3\ioccontainer\munq.ioccontainer.unittests\bin\debug\munq.ioccontainer.unittests.dll" id="59af381a-df3a-d5a7-b443-695d6de8ef8b">
      <Execution id="66198682-9f82-4950-9ec9-0a67166bd351" />
      <TestMethod codeBase="C:/codeplex/Munq3/IocContainer/Munq.IocContainer.UnitTests/bin/Debug/Munq.IocContainer.UnitTests.DLL" adapterTypeName="Microsoft.VisualStudio.TestTools.TestTypes.Unit.UnitTestAdapter, Microsoft.VisualStudio.QualityTools.Tips.UnitTest.Adapter, Version=10.0.0.0, Culture=neutral, PublicKeyToken=b03f5f7f11d50a3a" className="Munq.Test.ContainerInterfaceTests, Munq.IocContainer.UnitTests, Version=1.0.0.0, Culture=neutral, PublicKeyToken=null" name="NamedAndUnnamedRegistrationsResolveToDifferentTypes" />
    </UnitTest>
    <UnitTest name="CachedLifetimeManagerReturnsSameObjectIfCacheNotExpired" storage="c:\codeplex\munq3\ioccontainer\munq.ioccontainer.unittests\bin\debug\munq.ioccontainer.unittests.dll" id="648acf83-737c-f805-975a-2b07d9798001">
      <Execution id="e00b3250-60dd-404d-8d1c-289435df9de8" />
      <TestMethod codeBase="C:/codeplex/Munq3/IocContainer/Munq.IocContainer.UnitTests/bin/Debug/Munq.IocContainer.UnitTests.DLL" adapterTypeName="Microsoft.VisualStudio.TestTools.TestTypes.Unit.UnitTestAdapter, Microsoft.VisualStudio.QualityTools.Tips.UnitTest.Adapter, Version=10.0.0.0, Culture=neutral, PublicKeyToken=b03f5f7f11d50a3a" className="Munq.Test.CachedLifetimeTest, Munq.IocContainer.UnitTests, Version=1.0.0.0, Culture=neutral, PublicKeyToken=null" name="CachedLifetimeManagerReturnsSameObjectIfCacheNotExpired" />
    </UnitTest>
    <UnitTest name="AttemptingNamedGenericGetRegistrationForANonexistingEntryThrows" storage="c:\codeplex\munq3\ioccontainer\munq.ioccontainer.unittests\bin\debug\munq.ioccontainer.unittests.dll" id="0627eb6a-7af4-3363-5a88-0829bebc8b56">
      <Execution id="452ad861-c9b5-4527-a553-1c1d2e525720" />
      <TestMethod codeBase="C:/codeplex/Munq3/IocContainer/Munq.IocContainer.UnitTests/bin/Debug/Munq.IocContainer.UnitTests.DLL" adapterTypeName="Microsoft.VisualStudio.TestTools.TestTypes.Unit.UnitTestAdapter, Microsoft.VisualStudio.QualityTools.Tips.UnitTest.Adapter, Version=10.0.0.0, Culture=neutral, PublicKeyToken=b03f5f7f11d50a3a" className="Munq.Test.ContainerInterfaceTests, Munq.IocContainer.UnitTests, Version=1.0.0.0, Culture=neutral, PublicKeyToken=null" name="AttemptingNamedGenericGetRegistrationForANonexistingEntryThrows" />
    </UnitTest>
    <UnitTest name="CanSetDefaultLifetimeManagerToRequestLifetime" storage="c:\codeplex\munq3\ioccontainer\munq.ioccontainer.unittests\bin\debug\munq.ioccontainer.unittests.dll" id="5d66c02a-b459-aa83-e36b-9cd6b3c9adaa">
      <Execution id="cbdfa1f5-a9a4-488c-b717-0450b3d742b0" />
      <TestMethod codeBase="C:/codeplex/Munq3/IocContainer/Munq.IocContainer.UnitTests/bin/Debug/Munq.IocContainer.UnitTests.DLL" adapterTypeName="Microsoft.VisualStudio.TestTools.TestTypes.Unit.UnitTestAdapter, Microsoft.VisualStudio.QualityTools.Tips.UnitTest.Adapter, Version=10.0.0.0, Culture=neutral, PublicKeyToken=b03f5f7f11d50a3a" className="Munq.Test.RequestLifetimeTest, Munq.IocContainer.UnitTests, Version=1.0.0.0, Culture=neutral, PublicKeyToken=null" name="CanSetDefaultLifetimeManagerToRequestLifetime" />
    </UnitTest>
    <UnitTest name="GenericNamelessInstanceRegistrationReturnsRegistrationObject" storage="c:\codeplex\munq3\ioccontainer\munq.ioccontainer.unittests\bin\debug\munq.ioccontainer.unittests.dll" id="02737236-89a4-c032-81fa-1c97fd4dfcda">
      <Execution id="204471a8-8b37-4d58-9110-9334fe8e5acb" />
      <TestMethod codeBase="C:/codeplex/Munq3/IocContainer/Munq.IocContainer.UnitTests/bin/Debug/Munq.IocContainer.UnitTests.DLL" adapterTypeName="Microsoft.VisualStudio.TestTools.TestTypes.Unit.UnitTestAdapter, Microsoft.VisualStudio.QualityTools.Tips.UnitTest.Adapter, Version=10.0.0.0, Culture=neutral, PublicKeyToken=b03f5f7f11d50a3a" className="Munq.Test.ContainerInterfaceTests, Munq.IocContainer.UnitTests, Version=1.0.0.0, Culture=neutral, PublicKeyToken=null" name="GenericNamelessInstanceRegistrationReturnsRegistrationObject" />
    </UnitTest>
    <UnitTest name="AttemptingNonGenericNamelessGetRegistrationForANonexistingEntryThrows" storage="c:\codeplex\munq3\ioccontainer\munq.ioccontainer.unittests\bin\debug\munq.ioccontainer.unittests.dll" id="7c044e9e-239b-5e8a-9945-1eec979fd0e4">
      <Execution id="e8f0e007-6bf1-4a88-b273-4da456ae6335" />
      <TestMethod codeBase="C:/codeplex/Munq3/IocContainer/Munq.IocContainer.UnitTests/bin/Debug/Munq.IocContainer.UnitTests.DLL" adapterTypeName="Microsoft.VisualStudio.TestTools.TestTypes.Unit.UnitTestAdapter, Microsoft.VisualStudio.QualityTools.Tips.UnitTest.Adapter, Version=10.0.0.0, Culture=neutral, PublicKeyToken=b03f5f7f11d50a3a" className="Munq.Test.ContainerInterfaceTests, Munq.IocContainer.UnitTests, Version=1.0.0.0, Culture=neutral, PublicKeyToken=null" name="AttemptingNonGenericNamelessGetRegistrationForANonexistingEntryThrows" />
    </UnitTest>
    <UnitTest name="NonGenericNamedRegistrationReturnsRegistrationObject" storage="c:\codeplex\munq3\ioccontainer\munq.ioccontainer.unittests\bin\debug\munq.ioccontainer.unittests.dll" id="465ca572-ea0e-f669-7ec3-5af6a0d5760c">
      <Execution id="ff5b7264-0053-4df7-aa3a-12cb5caa46f4" />
      <TestMethod codeBase="C:/codeplex/Munq3/IocContainer/Munq.IocContainer.UnitTests/bin/Debug/Munq.IocContainer.UnitTests.DLL" adapterTypeName="Microsoft.VisualStudio.TestTools.TestTypes.Unit.UnitTestAdapter, Microsoft.VisualStudio.QualityTools.Tips.UnitTest.Adapter, Version=10.0.0.0, Culture=neutral, PublicKeyToken=b03f5f7f11d50a3a" className="Munq.Test.ContainerInterfaceTests, Munq.IocContainer.UnitTests, Version=1.0.0.0, Culture=neutral, PublicKeyToken=null" name="NonGenericNamedRegistrationReturnsRegistrationObject" />
    </UnitTest>
    <UnitTest name="CanSetDefaultLifetimeManagerToThreadLocalStorageLifetime" storage="c:\codeplex\munq3\ioccontainer\munq.ioccontainer.unittests\bin\debug\munq.ioccontainer.unittests.dll" id="07fa5192-559a-e59b-aaba-f258b2494d0f">
      <Execution id="e6ae9cf7-96b1-4be2-825a-56d12d84d986" />
      <TestMethod codeBase="C:/codeplex/Munq3/IocContainer/Munq.IocContainer.UnitTests/bin/Debug/Munq.IocContainer.UnitTests.DLL" adapterTypeName="Microsoft.VisualStudio.TestTools.TestTypes.Unit.UnitTestAdapter, Microsoft.VisualStudio.QualityTools.Tips.UnitTest.Adapter, Version=10.0.0.0, Culture=neutral, PublicKeyToken=b03f5f7f11d50a3a" className="Munq.Test.ThreadLocalStorageLifetimeTest, Munq.IocContainer.UnitTests, Version=1.0.0.0, Culture=neutral, PublicKeyToken=null" name="CanSetDefaultLifetimeManagerToThreadLocalStorageLifetime" />
    </UnitTest>
    <UnitTest name="RegisteringASecondFactoryForSameTypeAndNameOverwitesFirst" storage="c:\codeplex\munq3\ioccontainer\munq.ioccontainer.unittests\bin\debug\munq.ioccontainer.unittests.dll" id="6140ecd7-0c39-332d-b0c7-92852609fb06">
      <Execution id="4c9102de-937a-4584-b9b4-2f14db434d44" />
      <TestMethod codeBase="C:/codeplex/Munq3/IocContainer/Munq.IocContainer.UnitTests/bin/Debug/Munq.IocContainer.UnitTests.DLL" adapterTypeName="Microsoft.VisualStudio.TestTools.TestTypes.Unit.UnitTestAdapter, Microsoft.VisualStudio.QualityTools.Tips.UnitTest.Adapter, Version=10.0.0.0, Culture=neutral, PublicKeyToken=b03f5f7f11d50a3a" className="Munq.Test.ContainerInterfaceTests, Munq.IocContainer.UnitTests, Version=1.0.0.0, Culture=neutral, PublicKeyToken=null" name="RegisteringASecondFactoryForSameTypeAndNameOverwitesFirst" />
    </UnitTest>
    <UnitTest name="NonGenericNamedLazyResolveReturnsDelegateReturningObjectOfExpectedType" storage="c:\codeplex\munq3\ioccontainer\munq.ioccontainer.unittests\bin\debug\munq.ioccontainer.unittests.dll" id="220616ba-8e52-8771-a905-f3892b01f200">
      <Execution id="b2967195-de05-41e1-bb99-85bbf8eefdaa" />
      <TestMethod codeBase="C:/codeplex/Munq3/IocContainer/Munq.IocContainer.UnitTests/bin/Debug/Munq.IocContainer.UnitTests.DLL" adapterTypeName="Microsoft.VisualStudio.TestTools.TestTypes.Unit.UnitTestAdapter, Microsoft.VisualStudio.QualityTools.Tips.UnitTest.Adapter, Version=10.0.0.0, Culture=neutral, PublicKeyToken=b03f5f7f11d50a3a" className="Munq.Test.ContainerInterfaceTests, Munq.IocContainer.UnitTests, Version=1.0.0.0, Culture=neutral, PublicKeyToken=null" name="NonGenericNamedLazyResolveReturnsDelegateReturningObjectOfExpectedType" />
    </UnitTest>
    <UnitTest name="CachedLifetimeManagerReturnsDifferentObjectIfSlidingTimeExpired" storage="c:\codeplex\munq3\ioccontainer\munq.ioccontainer.unittests\bin\debug\munq.ioccontainer.unittests.dll" id="35b9dc38-aca4-e5e8-169e-24751c746b37">
      <Execution id="1a8d93ec-d903-4539-9784-05a8bc50116d" />
      <TestMethod codeBase="C:/codeplex/Munq3/IocContainer/Munq.IocContainer.UnitTests/bin/Debug/Munq.IocContainer.UnitTests.DLL" adapterTypeName="Microsoft.VisualStudio.TestTools.TestTypes.Unit.UnitTestAdapter, Microsoft.VisualStudio.QualityTools.Tips.UnitTest.Adapter, Version=10.0.0.0, Culture=neutral, PublicKeyToken=b03f5f7f11d50a3a" className="Munq.Test.CachedLifetimeTest, Munq.IocContainer.UnitTests, Version=1.0.0.0, Culture=neutral, PublicKeyToken=null" name="CachedLifetimeManagerReturnsDifferentObjectIfSlidingTimeExpired" />
    </UnitTest>
    <UnitTest name="NonGenericNamelessGetRegistrationReturnTheExpectedRegistration" storage="c:\codeplex\munq3\ioccontainer\munq.ioccontainer.unittests\bin\debug\munq.ioccontainer.unittests.dll" id="49e1f5c3-10f3-841b-cef8-7e1f1e2cddf0">
      <Execution id="b61ad21b-975f-4560-80c3-4713d7f09281" />
      <TestMethod codeBase="C:/codeplex/Munq3/IocContainer/Munq.IocContainer.UnitTests/bin/Debug/Munq.IocContainer.UnitTests.DLL" adapterTypeName="Microsoft.VisualStudio.TestTools.TestTypes.Unit.UnitTestAdapter, Microsoft.VisualStudio.QualityTools.Tips.UnitTest.Adapter, Version=10.0.0.0, Culture=neutral, PublicKeyToken=b03f5f7f11d50a3a" className="Munq.Test.ContainerInterfaceTests, Munq.IocContainer.UnitTests, Version=1.0.0.0, Culture=neutral, PublicKeyToken=null" name="NonGenericNamelessGetRegistrationReturnTheExpectedRegistration" />
    </UnitTest>
    <UnitTest name="DefaultLifetimeMangerIsNull" storage="c:\codeplex\munq3\ioccontainer\munq.ioccontainer.unittests\bin\debug\munq.ioccontainer.unittests.dll" id="8c0edb47-9b07-331b-7cda-e0f9666bb85e">
      <Execution id="b0bf431f-4321-4d29-86db-5bf4e6d8516d" />
      <TestMethod codeBase="C:/codeplex/Munq3/IocContainer/Munq.IocContainer.UnitTests/bin/Debug/Munq.IocContainer.UnitTests.DLL" adapterTypeName="Microsoft.VisualStudio.TestTools.TestTypes.Unit.UnitTestAdapter, Microsoft.VisualStudio.QualityTools.Tips.UnitTest.Adapter, Version=10.0.0.0, Culture=neutral, PublicKeyToken=b03f5f7f11d50a3a" className="Munq.Test.DefaultLifetimeTest, Munq.IocContainer.UnitTests, Version=1.0.0.0, Culture=neutral, PublicKeyToken=null" name="DefaultLifetimeMangerIsNull" />
    </UnitTest>
    <UnitTest name="CallbackIsCalledWhenItemRemovedFromCache" storage="c:\codeplex\munq3\ioccontainer\munq.ioccontainer.unittests\bin\debug\munq.ioccontainer.unittests.dll" id="2922b3fd-2fe4-d082-34a1-0b397811c4c0">
      <Execution id="b5a28ccc-9c83-4504-b6c3-6ac8bec39ac6" />
      <TestMethod codeBase="C:/codeplex/Munq3/IocContainer/Munq.IocContainer.UnitTests/bin/Debug/Munq.IocContainer.UnitTests.DLL" adapterTypeName="Microsoft.VisualStudio.TestTools.TestTypes.Unit.UnitTestAdapter, Microsoft.VisualStudio.QualityTools.Tips.UnitTest.Adapter, Version=10.0.0.0, Culture=neutral, PublicKeyToken=b03f5f7f11d50a3a" className="Munq.Test.CachedLifetimeTest, Munq.IocContainer.UnitTests, Version=1.0.0.0, Culture=neutral, PublicKeyToken=null" name="CallbackIsCalledWhenItemRemovedFromCache" />
    </UnitTest>
    <UnitTest name="GenericNamelessResolveReturnsObjectOfExpectedType" storage="c:\codeplex\munq3\ioccontainer\munq.ioccontainer.unittests\bin\debug\munq.ioccontainer.unittests.dll" id="b93ee418-bf96-be02-1b6b-eb0cd40096c4">
      <Execution id="4ca30fe3-bca2-481c-806d-b8c50f47edf6" />
      <TestMethod codeBase="C:/codeplex/Munq3/IocContainer/Munq.IocContainer.UnitTests/bin/Debug/Munq.IocContainer.UnitTests.DLL" adapterTypeName="Microsoft.VisualStudio.TestTools.TestTypes.Unit.UnitTestAdapter, Microsoft.VisualStudio.QualityTools.Tips.UnitTest.Adapter, Version=10.0.0.0, Culture=neutral, PublicKeyToken=b03f5f7f11d50a3a" className="Munq.Test.ContainerInterfaceTests, Munq.IocContainer.UnitTests, Version=1.0.0.0, Culture=neutral, PublicKeyToken=null" name="GenericNamelessResolveReturnsObjectOfExpectedType" />
    </UnitTest>
    <UnitTest name="NonGenericGetRegistrationsIncludesAllButOnlyExpectedRegistrations" storage="c:\codeplex\munq3\ioccontainer\munq.ioccontainer.unittests\bin\debug\munq.ioccontainer.unittests.dll" id="2b062f51-d92e-8cc1-061f-81335f938b57">
      <Execution id="f4ce1f6f-d811-4e53-9bf5-02fabcaa6619" />
      <TestMethod codeBase="C:/codeplex/Munq3/IocContainer/Munq.IocContainer.UnitTests/bin/Debug/Munq.IocContainer.UnitTests.DLL" adapterTypeName="Microsoft.VisualStudio.TestTools.TestTypes.Unit.UnitTestAdapter, Microsoft.VisualStudio.QualityTools.Tips.UnitTest.Adapter, Version=10.0.0.0, Culture=neutral, PublicKeyToken=b03f5f7f11d50a3a" className="Munq.Test.ContainerInterfaceTests, Munq.IocContainer.UnitTests, Version=1.0.0.0, Culture=neutral, PublicKeyToken=null" name="NonGenericGetRegistrationsIncludesAllButOnlyExpectedRegistrations" />
    </UnitTest>
    <UnitTest name="DifferentNamedRegistrationsResolveToDifferentTypes" storage="c:\codeplex\munq3\ioccontainer\munq.ioccontainer.unittests\bin\debug\munq.ioccontainer.unittests.dll" id="e14e2fc4-22dc-6eb3-48a3-f7e2833cb6f4">
      <Execution id="87ad06fe-0135-492b-ac3c-0ab9c97ad882" />
      <TestMethod codeBase="C:/codeplex/Munq3/IocContainer/Munq.IocContainer.UnitTests/bin/Debug/Munq.IocContainer.UnitTests.DLL" adapterTypeName="Microsoft.VisualStudio.TestTools.TestTypes.Unit.UnitTestAdapter, Microsoft.VisualStudio.QualityTools.Tips.UnitTest.Adapter, Version=10.0.0.0, Culture=neutral, PublicKeyToken=b03f5f7f11d50a3a" className="Munq.Test.ContainerInterfaceTests, Munq.IocContainer.UnitTests, Version=1.0.0.0, Culture=neutral, PublicKeyToken=null" name="DifferentNamedRegistrationsResolveToDifferentTypes" />
    </UnitTest>
    <UnitTest name="DefaultLifetimeManagerAlwaysReturnsNewInstance" storage="c:\codeplex\munq3\ioccontainer\munq.ioccontainer.unittests\bin\debug\munq.ioccontainer.unittests.dll" id="0a3eb2c9-30dd-f32c-798d-c365f56179d7">
      <Execution id="36c0c685-2bf3-4ffc-aa50-387b51c464ca" />
      <TestMethod codeBase="C:/codeplex/Munq3/IocContainer/Munq.IocContainer.UnitTests/bin/Debug/Munq.IocContainer.UnitTests.DLL" adapterTypeName="Microsoft.VisualStudio.TestTools.TestTypes.Unit.UnitTestAdapter, Microsoft.VisualStudio.QualityTools.Tips.UnitTest.Adapter, Version=10.0.0.0, Culture=neutral, PublicKeyToken=b03f5f7f11d50a3a" className="Munq.Test.DefaultLifetimeTest, Munq.IocContainer.UnitTests, Version=1.0.0.0, Culture=neutral, PublicKeyToken=null" name="DefaultLifetimeManagerAlwaysReturnsNewInstance" />
    </UnitTest>
    <UnitTest name="CanRegisterAndResolveMultipleTypes" storage="c:\codeplex\munq3\ioccontainer\munq.ioccontainer.unittests\bin\debug\munq.ioccontainer.unittests.dll" id="b68ccd34-e766-116b-6658-ac8a0cb2adec">
      <Execution id="5d7dc8e8-3c14-4cac-be34-bbaee3a7c0c9" />
      <TestMethod codeBase="C:/codeplex/Munq3/IocContainer/Munq.IocContainer.UnitTests/bin/Debug/Munq.IocContainer.UnitTests.DLL" adapterTypeName="Microsoft.VisualStudio.TestTools.TestTypes.Unit.UnitTestAdapter, Microsoft.VisualStudio.QualityTools.Tips.UnitTest.Adapter, Version=10.0.0.0, Culture=neutral, PublicKeyToken=b03f5f7f11d50a3a" className="Munq.Test.ContainerInterfaceTests, Munq.IocContainer.UnitTests, Version=1.0.0.0, Culture=neutral, PublicKeyToken=null" name="CanRegisterAndResolveMultipleTypes" />
    </UnitTest>
    <UnitTest name="GenericNamedResolveReturnsObjectOfExpectedType" storage="c:\codeplex\munq3\ioccontainer\munq.ioccontainer.unittests\bin\debug\munq.ioccontainer.unittests.dll" id="345a4b29-e343-bca1-5885-cffd7df8be8a">
      <Execution id="87d6def7-d7ef-49c9-8e5c-981cb2e0e0a5" />
      <TestMethod codeBase="C:/codeplex/Munq3/IocContainer/Munq.IocContainer.UnitTests/bin/Debug/Munq.IocContainer.UnitTests.DLL" adapterTypeName="Microsoft.VisualStudio.TestTools.TestTypes.Unit.UnitTestAdapter, Microsoft.VisualStudio.QualityTools.Tips.UnitTest.Adapter, Version=10.0.0.0, Culture=neutral, PublicKeyToken=b03f5f7f11d50a3a" className="Munq.Test.ContainerInterfaceTests, Munq.IocContainer.UnitTests, Version=1.0.0.0, Culture=neutral, PublicKeyToken=null" name="GenericNamedResolveReturnsObjectOfExpectedType" />
    </UnitTest>
    <UnitTest name="CanSetDefaultLifetimeManagerToRequestLifetime" storage="c:\codeplex\munq3\ioccontainer\munq.ioccontainer.unittests\bin\debug\munq.ioccontainer.unittests.dll" id="1ff4f4aa-6663-c20d-4490-6870a9e069a8">
      <Execution id="55ccc606-c748-4e01-a1bb-ed34a66744f4" />
      <TestMethod codeBase="C:/codeplex/Munq3/IocContainer/Munq.IocContainer.UnitTests/bin/Debug/Munq.IocContainer.UnitTests.DLL" adapterTypeName="Microsoft.VisualStudio.TestTools.TestTypes.Unit.UnitTestAdapter, Microsoft.VisualStudio.QualityTools.Tips.UnitTest.Adapter, Version=10.0.0.0, Culture=neutral, PublicKeyToken=b03f5f7f11d50a3a" className="Munq.Test.SessionLifetimeTest, Munq.IocContainer.UnitTests, Version=1.0.0.0, Culture=neutral, PublicKeyToken=null" name="CanSetDefaultLifetimeManagerToRequestLifetime" />
    </UnitTest>
    <UnitTest name="AttemptingNamelessGenericGetRegistrationForANonexistingEntryThrows" storage="c:\codeplex\munq3\ioccontainer\munq.ioccontainer.unittests\bin\debug\munq.ioccontainer.unittests.dll" id="e8e09833-9fe4-1572-a322-d000697ecbb6">
      <Execution id="e2a7caaa-1a1a-4e97-b946-34c07c0e5afc" />
      <TestMethod codeBase="C:/codeplex/Munq3/IocContainer/Munq.IocContainer.UnitTests/bin/Debug/Munq.IocContainer.UnitTests.DLL" adapterTypeName="Microsoft.VisualStudio.TestTools.TestTypes.Unit.UnitTestAdapter, Microsoft.VisualStudio.QualityTools.Tips.UnitTest.Adapter, Version=10.0.0.0, Culture=neutral, PublicKeyToken=b03f5f7f11d50a3a" className="Munq.Test.ContainerInterfaceTests, Munq.IocContainer.UnitTests, Version=1.0.0.0, Culture=neutral, PublicKeyToken=null" name="AttemptingNamelessGenericGetRegistrationForANonexistingEntryThrows" />
    </UnitTest>
    <UnitTest name="CachedLifetimeManagerReturnsDifferentObjectIfAbsoluteTimeExpired" storage="c:\codeplex\munq3\ioccontainer\munq.ioccontainer.unittests\bin\debug\munq.ioccontainer.unittests.dll" id="74401043-6b4f-625b-83ed-3108fcbfc4d8">
      <Execution id="5f7f14a3-811d-4df0-b6ef-7f31e091fcfb" />
      <TestMethod codeBase="C:/codeplex/Munq3/IocContainer/Munq.IocContainer.UnitTests/bin/Debug/Munq.IocContainer.UnitTests.DLL" adapterTypeName="Microsoft.VisualStudio.TestTools.TestTypes.Unit.UnitTestAdapter, Microsoft.VisualStudio.QualityTools.Tips.UnitTest.Adapter, Version=10.0.0.0, Culture=neutral, PublicKeyToken=b03f5f7f11d50a3a" className="Munq.Test.CachedLifetimeTest, Munq.IocContainer.UnitTests, Version=1.0.0.0, Culture=neutral, PublicKeyToken=null" name="CachedLifetimeManagerReturnsDifferentObjectIfAbsoluteTimeExpired" />
    </UnitTest>
    <UnitTest name="WithPriorityTest" storage="c:\codeplex\munq3\ioccontainer\munq.ioccontainer.unittests\bin\debug\munq.ioccontainer.unittests.dll" id="9d736676-0887-194c-f0b1-572b8ad38118">
      <Execution id="ceb38d1d-eddc-4255-b8f1-5706d3297f9f" />
      <TestMethod codeBase="C:/codeplex/Munq3/IocContainer/Munq.IocContainer.UnitTests/bin/Debug/Munq.IocContainer.UnitTests.DLL" adapterTypeName="Microsoft.VisualStudio.TestTools.TestTypes.Unit.UnitTestAdapter, Microsoft.VisualStudio.QualityTools.Tips.UnitTest.Adapter, Version=10.0.0.0, Culture=neutral, PublicKeyToken=b03f5f7f11d50a3a" className="Munq.Test.CachedLifetimeTest, Munq.IocContainer.UnitTests, Version=1.0.0.0, Culture=neutral, PublicKeyToken=null" name="WithPriorityTest" />
    </UnitTest>
    <UnitTest name="GenericGetRegistrationsIncludesAllButOnlyExpectedRegistrations" storage="c:\codeplex\munq3\ioccontainer\munq.ioccontainer.unittests\bin\debug\munq.ioccontainer.unittests.dll" id="69632b69-fa22-490a-fcd2-19e2b346399b">
      <Execution id="9b81f3c7-f06f-47d9-9963-d7ef84af2d58" />
      <TestMethod codeBase="C:/codeplex/Munq3/IocContainer/Munq.IocContainer.UnitTests/bin/Debug/Munq.IocContainer.UnitTests.DLL" adapterTypeName="Microsoft.VisualStudio.TestTools.TestTypes.Unit.UnitTestAdapter, Microsoft.VisualStudio.QualityTools.Tips.UnitTest.Adapter, Version=10.0.0.0, Culture=neutral, PublicKeyToken=b03f5f7f11d50a3a" className="Munq.Test.ContainerInterfaceTests, Munq.IocContainer.UnitTests, Version=1.0.0.0, Culture=neutral, PublicKeyToken=null" name="GenericGetRegistrationsIncludesAllButOnlyExpectedRegistrations" />
    </UnitTest>
    <UnitTest name="NnamedTypeRegistrationReturnsRegistration" storage="c:\codeplex\munq3\ioccontainer\munq.ioccontainer.unittests\bin\debug\munq.ioccontainer.unittests.dll" id="6652ae72-cafc-5bae-e010-a84a003aecde">
      <Execution id="965abd9d-d0e8-42e7-a944-67c098e66298" />
      <TestMethod codeBase="C:/codeplex/Munq3/IocContainer/Munq.IocContainer.UnitTests/bin/Debug/Munq.IocContainer.UnitTests.DLL" adapterTypeName="Microsoft.VisualStudio.TestTools.TestTypes.Unit.UnitTestAdapter, Microsoft.VisualStudio.QualityTools.Tips.UnitTest.Adapter, Version=10.0.0.0, Culture=neutral, PublicKeyToken=b03f5f7f11d50a3a" className="Munq.Test.ContainerInterfaceTests, Munq.IocContainer.UnitTests, Version=1.0.0.0, Culture=neutral, PublicKeyToken=null" name="NnamedTypeRegistrationReturnsRegistration" />
    </UnitTest>
    <UnitTest name="NonGenericNamedInstanceRegistrationReturnsRegistrationObject" storage="c:\codeplex\munq3\ioccontainer\munq.ioccontainer.unittests\bin\debug\munq.ioccontainer.unittests.dll" id="4f9ea068-c92d-cafe-85d1-ec90f2dd904c">
      <Execution id="c045c6c1-7021-42d1-a62a-8ea43c27d90f" />
      <TestMethod codeBase="C:/codeplex/Munq3/IocContainer/Munq.IocContainer.UnitTests/bin/Debug/Munq.IocContainer.UnitTests.DLL" adapterTypeName="Microsoft.VisualStudio.TestTools.TestTypes.Unit.UnitTestAdapter, Microsoft.VisualStudio.QualityTools.Tips.UnitTest.Adapter, Version=10.0.0.0, Culture=neutral, PublicKeyToken=b03f5f7f11d50a3a" className="Munq.Test.ContainerInterfaceTests, Munq.IocContainer.UnitTests, Version=1.0.0.0, Culture=neutral, PublicKeyToken=null" name="NonGenericNamedInstanceRegistrationReturnsRegistrationObject" />
    </UnitTest>
    <UnitTest name="UnnamedTypeRegistrationResolvesToCorrectType" storage="c:\codeplex\munq3\ioccontainer\munq.ioccontainer.unittests\bin\debug\munq.ioccontainer.unittests.dll" id="05122c85-36c5-0391-8cbb-392864082a92">
      <Execution id="4d9d1f46-b182-44cd-8c9f-a15662c48848" />
      <TestMethod codeBase="C:/codeplex/Munq3/IocContainer/Munq.IocContainer.UnitTests/bin/Debug/Munq.IocContainer.UnitTests.DLL" adapterTypeName="Microsoft.VisualStudio.TestTools.TestTypes.Unit.UnitTestAdapter, Microsoft.VisualStudio.QualityTools.Tips.UnitTest.Adapter, Version=10.0.0.0, Culture=neutral, PublicKeyToken=b03f5f7f11d50a3a" className="Munq.Test.ContainerInterfaceTests, Munq.IocContainer.UnitTests, Version=1.0.0.0, Culture=neutral, PublicKeyToken=null" name="UnnamedTypeRegistrationResolvesToCorrectType" />
    </UnitTest>
    <UnitTest name="NonGenericNamelessResolveReturnsObjectOfExpectedType" storage="c:\codeplex\munq3\ioccontainer\munq.ioccontainer.unittests\bin\debug\munq.ioccontainer.unittests.dll" id="de6008c1-76f2-7132-ae65-5f4a0125abc2">
      <Execution id="201c857a-e3c1-43fc-aa73-16f58d7c78a4" />
      <TestMethod codeBase="C:/codeplex/Munq3/IocContainer/Munq.IocContainer.UnitTests/bin/Debug/Munq.IocContainer.UnitTests.DLL" adapterTypeName="Microsoft.VisualStudio.TestTools.TestTypes.Unit.UnitTestAdapter, Microsoft.VisualStudio.QualityTools.Tips.UnitTest.Adapter, Version=10.0.0.0, Culture=neutral, PublicKeyToken=b03f5f7f11d50a3a" className="Munq.Test.ContainerInterfaceTests, Munq.IocContainer.UnitTests, Version=1.0.0.0, Culture=neutral, PublicKeyToken=null" name="NonGenericNamelessResolveReturnsObjectOfExpectedType" />
    </UnitTest>
    <UnitTest name="CachedLifetimeManagerReturnsDifferentObjectIfCacheExpired" storage="c:\codeplex\munq3\ioccontainer\munq.ioccontainer.unittests\bin\debug\munq.ioccontainer.unittests.dll" id="c3410a5d-bef4-5e97-00e1-4c02ba358242">
      <Execution id="474624d3-1cd6-41aa-a810-75ceb8761058" />
      <TestMethod codeBase="C:/codeplex/Munq3/IocContainer/Munq.IocContainer.UnitTests/bin/Debug/Munq.IocContainer.UnitTests.DLL" adapterTypeName="Microsoft.VisualStudio.TestTools.TestTypes.Unit.UnitTestAdapter, Microsoft.VisualStudio.QualityTools.Tips.UnitTest.Adapter, Version=10.0.0.0, Culture=neutral, PublicKeyToken=b03f5f7f11d50a3a" className="Munq.Test.CachedLifetimeTest, Munq.IocContainer.UnitTests, Version=1.0.0.0, Culture=neutral, PublicKeyToken=null" name="CachedLifetimeManagerReturnsDifferentObjectIfCacheExpired" />
    </UnitTest>
    <UnitTest name="SessionLifetimeManagerReturnsDifferentObjectForDifferentSession" storage="c:\codeplex\munq3\ioccontainer\munq.ioccontainer.unittests\bin\debug\munq.ioccontainer.unittests.dll" id="e423bcac-7f31-7198-860c-bdf579cc0a79">
      <Execution id="2cd750b6-a6c2-42bc-9802-4cee8367a20e" />
      <TestMethod codeBase="C:/codeplex/Munq3/IocContainer/Munq.IocContainer.UnitTests/bin/Debug/Munq.IocContainer.UnitTests.DLL" adapterTypeName="Microsoft.VisualStudio.TestTools.TestTypes.Unit.UnitTestAdapter, Microsoft.VisualStudio.QualityTools.Tips.UnitTest.Adapter, Version=10.0.0.0, Culture=neutral, PublicKeyToken=b03f5f7f11d50a3a" className="Munq.Test.SessionLifetimeTest, Munq.IocContainer.UnitTests, Version=1.0.0.0, Culture=neutral, PublicKeyToken=null" name="SessionLifetimeManagerReturnsDifferentObjectForDifferentSession" />
    </UnitTest>
    <UnitTest name="NonGenericNamedResolveReturnsObjectOfExpectedType" storage="c:\codeplex\munq3\ioccontainer\munq.ioccontainer.unittests\bin\debug\munq.ioccontainer.unittests.dll" id="afc32bcc-31c8-e45b-b67f-cb8423f1676c">
      <Execution id="9ab0427c-0b95-4553-b315-12fb25954fd3" />
      <TestMethod codeBase="C:/codeplex/Munq3/IocContainer/Munq.IocContainer.UnitTests/bin/Debug/Munq.IocContainer.UnitTests.DLL" adapterTypeName="Microsoft.VisualStudio.TestTools.TestTypes.Unit.UnitTestAdapter, Microsoft.VisualStudio.QualityTools.Tips.UnitTest.Adapter, Version=10.0.0.0, Culture=neutral, PublicKeyToken=b03f5f7f11d50a3a" className="Munq.Test.ContainerInterfaceTests, Munq.IocContainer.UnitTests, Version=1.0.0.0, Culture=neutral, PublicKeyToken=null" name="NonGenericNamedResolveReturnsObjectOfExpectedType" />
    </UnitTest>
    <UnitTest name="CanSetDefaultLifetimeManagerToCachedLifetime" storage="c:\codeplex\munq3\ioccontainer\munq.ioccontainer.unittests\bin\debug\munq.ioccontainer.unittests.dll" id="1e867af0-e477-d65a-cbe3-58bf7ac85571">
      <Execution id="8ca9fe03-669f-464c-9527-90303bfa5d8d" />
      <TestMethod codeBase="C:/codeplex/Munq3/IocContainer/Munq.IocContainer.UnitTests/bin/Debug/Munq.IocContainer.UnitTests.DLL" adapterTypeName="Microsoft.VisualStudio.TestTools.TestTypes.Unit.UnitTestAdapter, Microsoft.VisualStudio.QualityTools.Tips.UnitTest.Adapter, Version=10.0.0.0, Culture=neutral, PublicKeyToken=b03f5f7f11d50a3a" className="Munq.Test.CachedLifetimeTest, Munq.IocContainer.UnitTests, Version=1.0.0.0, Culture=neutral, PublicKeyToken=null" name="CanSetDefaultLifetimeManagerToCachedLifetime" />
    </UnitTest>
    <UnitTest name="ContainerLifetimeManagerAlwaysReturnsSameInstance" storage="c:\codeplex\munq3\ioccontainer\munq.ioccontainer.unittests\bin\debug\munq.ioccontainer.unittests.dll" id="8fa2939f-9ed9-b26c-3a9d-a157e7b7e6d1">
      <Execution id="0bc49cbc-f788-4fed-96c8-ce5c8344d76d" />
      <TestMethod codeBase="C:/codeplex/Munq3/IocContainer/Munq.IocContainer.UnitTests/bin/Debug/Munq.IocContainer.UnitTests.DLL" adapterTypeName="Microsoft.VisualStudio.TestTools.TestTypes.Unit.UnitTestAdapter, Microsoft.VisualStudio.QualityTools.Tips.UnitTest.Adapter, Version=10.0.0.0, Culture=neutral, PublicKeyToken=b03f5f7f11d50a3a" className="Munq.Test.ContainerLifetimeTest, Munq.IocContainer.UnitTests, Version=1.0.0.0, Culture=neutral, PublicKeyToken=null" name="ContainerLifetimeManagerAlwaysReturnsSameInstance" />
    </UnitTest>
    <UnitTest name="UnnamedTypeRegistrationReturnsRegistration" storage="c:\codeplex\munq3\ioccontainer\munq.ioccontainer.unittests\bin\debug\munq.ioccontainer.unittests.dll" id="956529f1-b9c1-1401-c62a-49630e35128c">
      <Execution id="7bad22f2-a5be-4ec8-8eb9-60fa8787c202" />
      <TestMethod codeBase="C:/codeplex/Munq3/IocContainer/Munq.IocContainer.UnitTests/bin/Debug/Munq.IocContainer.UnitTests.DLL" adapterTypeName="Microsoft.VisualStudio.TestTools.TestTypes.Unit.UnitTestAdapter, Microsoft.VisualStudio.QualityTools.Tips.UnitTest.Adapter, Version=10.0.0.0, Culture=neutral, PublicKeyToken=b03f5f7f11d50a3a" className="Munq.Test.ContainerInterfaceTests, Munq.IocContainer.UnitTests, Version=1.0.0.0, Culture=neutral, PublicKeyToken=null" name="UnnamedTypeRegistrationReturnsRegistration" />
    </UnitTest>
    <UnitTest name="IsDependentOnTest" storage="c:\codeplex\munq3\ioccontainer\munq.ioccontainer.unittests\bin\debug\munq.ioccontainer.unittests.dll" id="6c7ce41a-d1b1-7b6b-b573-c527725b0f30">
      <Execution id="41661bad-104e-4d07-83a4-2345ae06c88b" />
      <TestMethod codeBase="C:/codeplex/Munq3/IocContainer/Munq.IocContainer.UnitTests/bin/Debug/Munq.IocContainer.UnitTests.DLL" adapterTypeName="Microsoft.VisualStudio.TestTools.TestTypes.Unit.UnitTestAdapter, Microsoft.VisualStudio.QualityTools.Tips.UnitTest.Adapter, Version=10.0.0.0, Culture=neutral, PublicKeyToken=b03f5f7f11d50a3a" className="Munq.Test.CachedLifetimeTest, Munq.IocContainer.UnitTests, Version=1.0.0.0, Culture=neutral, PublicKeyToken=null" name="IsDependentOnTest" />
    </UnitTest>
    <UnitTest name="CanSetDefaultLifetimeManagerToAlwaysNew" storage="c:\codeplex\munq3\ioccontainer\munq.ioccontainer.unittests\bin\debug\munq.ioccontainer.unittests.dll" id="07e2ff27-df49-9005-4f7b-d43401045597">
      <Execution id="eda5327f-02d1-4598-9cf2-363d3d6a280c" />
      <TestMethod codeBase="C:/codeplex/Munq3/IocContainer/Munq.IocContainer.UnitTests/bin/Debug/Munq.IocContainer.UnitTests.DLL" adapterTypeName="Microsoft.VisualStudio.TestTools.TestTypes.Unit.UnitTestAdapter, Microsoft.VisualStudio.QualityTools.Tips.UnitTest.Adapter, Version=10.0.0.0, Culture=neutral, PublicKeyToken=b03f5f7f11d50a3a" className="Munq.Test.AlwaysNewLifetimeTest, Munq.IocContainer.UnitTests, Version=1.0.0.0, Culture=neutral, PublicKeyToken=null" name="CanSetDefaultLifetimeManagerToAlwaysNew" />
    </UnitTest>
    <UnitTest name="UsesDefaultLifetimeManagerOfChangesTheDefaultLifetimeManager" storage="c:\codeplex\munq3\ioccontainer\munq.ioccontainer.unittests\bin\debug\munq.ioccontainer.unittests.dll" id="98c8c603-3f38-1043-5bbd-fbda6491744d">
      <Execution id="0bbfc737-86d4-4524-a464-b26aaf933295" />
      <TestMethod codeBase="C:/codeplex/Munq3/IocContainer/Munq.IocContainer.UnitTests/bin/Debug/Munq.IocContainer.UnitTests.DLL" adapterTypeName="Microsoft.VisualStudio.TestTools.TestTypes.Unit.UnitTestAdapter, Microsoft.VisualStudio.QualityTools.Tips.UnitTest.Adapter, Version=10.0.0.0, Culture=neutral, PublicKeyToken=b03f5f7f11d50a3a" className="Munq.Test.ContainerInterfaceTests, Munq.IocContainer.UnitTests, Version=1.0.0.0, Culture=neutral, PublicKeyToken=null" name="UsesDefaultLifetimeManagerOfChangesTheDefaultLifetimeManager" />
    </UnitTest>
    <UnitTest name="NamedTypeRegistrationResolvesToCorrectType" storage="c:\codeplex\munq3\ioccontainer\munq.ioccontainer.unittests\bin\debug\munq.ioccontainer.unittests.dll" id="3a73cbc6-308d-748c-2abd-3dc2d857812e">
      <Execution id="04599532-a7fc-4cb9-b44e-92daee51eb77" />
      <TestMethod codeBase="C:/codeplex/Munq3/IocContainer/Munq.IocContainer.UnitTests/bin/Debug/Munq.IocContainer.UnitTests.DLL" adapterTypeName="Microsoft.VisualStudio.TestTools.TestTypes.Unit.UnitTestAdapter, Microsoft.VisualStudio.QualityTools.Tips.UnitTest.Adapter, Version=10.0.0.0, Culture=neutral, PublicKeyToken=b03f5f7f11d50a3a" className="Munq.Test.ContainerInterfaceTests, Munq.IocContainer.UnitTests, Version=1.0.0.0, Culture=neutral, PublicKeyToken=null" name="NamedTypeRegistrationResolvesToCorrectType" />
    </UnitTest>
    <UnitTest name="RequestLifetimeManagerReturnsSameObjectForSameRequest" storage="c:\codeplex\munq3\ioccontainer\munq.ioccontainer.unittests\bin\debug\munq.ioccontainer.unittests.dll" id="eb6a59d9-d1f4-cc24-8094-97c386e29555">
      <Execution id="25d61759-1b5e-41b4-8fa1-23837ff599cd" />
      <TestMethod codeBase="C:/codeplex/Munq3/IocContainer/Munq.IocContainer.UnitTests/bin/Debug/Munq.IocContainer.UnitTests.DLL" adapterTypeName="Microsoft.VisualStudio.TestTools.TestTypes.Unit.UnitTestAdapter, Microsoft.VisualStudio.QualityTools.Tips.UnitTest.Adapter, Version=10.0.0.0, Culture=neutral, PublicKeyToken=b03f5f7f11d50a3a" className="Munq.Test.RequestLifetimeTest, Munq.IocContainer.UnitTests, Version=1.0.0.0, Culture=neutral, PublicKeyToken=null" name="RequestLifetimeManagerReturnsSameObjectForSameRequest" />
    </UnitTest>
    <UnitTest name="GenericNamedInstanceRegistrationReturnsRegistrationObject" storage="c:\codeplex\munq3\ioccontainer\munq.ioccontainer.unittests\bin\debug\munq.ioccontainer.unittests.dll" id="a34fe5e7-35bb-e624-702e-24f9f33a2a3c">
      <Execution id="e8ac58f5-8463-4bed-bb41-0c175e709d97" />
      <TestMethod codeBase="C:/codeplex/Munq3/IocContainer/Munq.IocContainer.UnitTests/bin/Debug/Munq.IocContainer.UnitTests.DLL" adapterTypeName="Microsoft.VisualStudio.TestTools.TestTypes.Unit.UnitTestAdapter, Microsoft.VisualStudio.QualityTools.Tips.UnitTest.Adapter, Version=10.0.0.0, Culture=neutral, PublicKeyToken=b03f5f7f11d50a3a" className="Munq.Test.ContainerInterfaceTests, Munq.IocContainer.UnitTests, Version=1.0.0.0, Culture=neutral, PublicKeyToken=null" name="GenericNamedInstanceRegistrationReturnsRegistrationObject" />
    </UnitTest>
    <UnitTest name="CanSetDefaultLifetimeManagerToContainerLifetime" storage="c:\codeplex\munq3\ioccontainer\munq.ioccontainer.unittests\bin\debug\munq.ioccontainer.unittests.dll" id="d6bfda43-021e-4f00-452d-9ca6f6423fc8">
      <Execution id="6f029d41-2669-458f-b023-352823dcaf3b" />
      <TestMethod codeBase="C:/codeplex/Munq3/IocContainer/Munq.IocContainer.UnitTests/bin/Debug/Munq.IocContainer.UnitTests.DLL" adapterTypeName="Microsoft.VisualStudio.TestTools.TestTypes.Unit.UnitTestAdapter, Microsoft.VisualStudio.QualityTools.Tips.UnitTest.Adapter, Version=10.0.0.0, Culture=neutral, PublicKeyToken=b03f5f7f11d50a3a" className="Munq.Test.ContainerLifetimeTest, Munq.IocContainer.UnitTests, Version=1.0.0.0, Culture=neutral, PublicKeyToken=null" name="CanSetDefaultLifetimeManagerToContainerLifetime" />
    </UnitTest>
    <UnitTest name="AlwayNewLifetimeManagerAlwaysReturnsNewInstance" storage="c:\codeplex\munq3\ioccontainer\munq.ioccontainer.unittests\bin\debug\munq.ioccontainer.unittests.dll" id="6a732e0d-f614-e8c4-299e-cacd5943d405">
      <Execution id="902811e8-aabc-464e-a89a-722053d53cfa" />
      <TestMethod codeBase="C:/codeplex/Munq3/IocContainer/Munq.IocContainer.UnitTests/bin/Debug/Munq.IocContainer.UnitTests.DLL" adapterTypeName="Microsoft.VisualStudio.TestTools.TestTypes.Unit.UnitTestAdapter, Microsoft.VisualStudio.QualityTools.Tips.UnitTest.Adapter, Version=10.0.0.0, Culture=neutral, PublicKeyToken=b03f5f7f11d50a3a" className="Munq.Test.AlwaysNewLifetimeTest, Munq.IocContainer.UnitTests, Version=1.0.0.0, Culture=neutral, PublicKeyToken=null" name="AlwayNewLifetimeManagerAlwaysReturnsNewInstance" />
    </UnitTest>
    <UnitTest name="GenericNamedLazyResolveReturnsDelegateReturningObjectOfExpectedType" storage="c:\codeplex\munq3\ioccontainer\munq.ioccontainer.unittests\bin\debug\munq.ioccontainer.unittests.dll" id="a5d92d98-0860-8285-0345-2908c94ba662">
      <Execution id="c4926ef5-2f82-43ad-89dc-c66dbc8c4e5b" />
      <TestMethod codeBase="C:/codeplex/Munq3/IocContainer/Munq.IocContainer.UnitTests/bin/Debug/Munq.IocContainer.UnitTests.DLL" adapterTypeName="Microsoft.VisualStudio.TestTools.TestTypes.Unit.UnitTestAdapter, Microsoft.VisualStudio.QualityTools.Tips.UnitTest.Adapter, Version=10.0.0.0, Culture=neutral, PublicKeyToken=b03f5f7f11d50a3a" className="Munq.Test.ContainerInterfaceTests, Munq.IocContainer.UnitTests, Version=1.0.0.0, Culture=neutral, PublicKeyToken=null" name="GenericNamedLazyResolveReturnsDelegateReturningObjectOfExpectedType" />
    </UnitTest>
    <UnitTest name="GenericNamelessRegistrationReturnsRegistrationObject" storage="c:\codeplex\munq3\ioccontainer\munq.ioccontainer.unittests\bin\debug\munq.ioccontainer.unittests.dll" id="7e179625-6a6a-f6e6-2be8-d2d81b4f7cc3">
      <Execution id="27733b74-5fa6-4609-8cb3-2091804aa8a0" />
      <TestMethod codeBase="C:/codeplex/Munq3/IocContainer/Munq.IocContainer.UnitTests/bin/Debug/Munq.IocContainer.UnitTests.DLL" adapterTypeName="Microsoft.VisualStudio.TestTools.TestTypes.Unit.UnitTestAdapter, Microsoft.VisualStudio.QualityTools.Tips.UnitTest.Adapter, Version=10.0.0.0, Culture=neutral, PublicKeyToken=b03f5f7f11d50a3a" className="Munq.Test.ContainerInterfaceTests, Munq.IocContainer.UnitTests, Version=1.0.0.0, Culture=neutral, PublicKeyToken=null" name="GenericNamelessRegistrationReturnsRegistrationObject" />
    </UnitTest>
    <UnitTest name="AttemptingNonGenericNamedGetRegistrationForANonexistingEntryThrows" storage="c:\codeplex\munq3\ioccontainer\munq.ioccontainer.unittests\bin\debug\munq.ioccontainer.unittests.dll" id="b22ba063-90ed-f619-23ea-18a13a98113a">
      <Execution id="1a92de5e-adb7-4227-9e59-fac79798dbc9" />
      <TestMethod codeBase="C:/codeplex/Munq3/IocContainer/Munq.IocContainer.UnitTests/bin/Debug/Munq.IocContainer.UnitTests.DLL" adapterTypeName="Microsoft.VisualStudio.TestTools.TestTypes.Unit.UnitTestAdapter, Microsoft.VisualStudio.QualityTools.Tips.UnitTest.Adapter, Version=10.0.0.0, Culture=neutral, PublicKeyToken=b03f5f7f11d50a3a" className="Munq.Test.ContainerInterfaceTests, Munq.IocContainer.UnitTests, Version=1.0.0.0, Culture=neutral, PublicKeyToken=null" name="AttemptingNonGenericNamedGetRegistrationForANonexistingEntryThrows" />
    </UnitTest>
    <UnitTest name="NonGenericNamedGetRegistrationReturnTheExpectedRegistration" storage="c:\codeplex\munq3\ioccontainer\munq.ioccontainer.unittests\bin\debug\munq.ioccontainer.unittests.dll" id="0d5c9df4-54b3-c5b5-1bbc-e53062d4a667">
      <Execution id="120abcd0-f1e9-4649-a448-a93e2c2356ad" />
      <TestMethod codeBase="C:/codeplex/Munq3/IocContainer/Munq.IocContainer.UnitTests/bin/Debug/Munq.IocContainer.UnitTests.DLL" adapterTypeName="Microsoft.VisualStudio.TestTools.TestTypes.Unit.UnitTestAdapter, Microsoft.VisualStudio.QualityTools.Tips.UnitTest.Adapter, Version=10.0.0.0, Culture=neutral, PublicKeyToken=b03f5f7f11d50a3a" className="Munq.Test.ContainerInterfaceTests, Munq.IocContainer.UnitTests, Version=1.0.0.0, Culture=neutral, PublicKeyToken=null" name="NonGenericNamedGetRegistrationReturnTheExpectedRegistration" />
    </UnitTest>
    <UnitTest name="GenericNamedRegistrationReturnsRegistrationObject" storage="c:\codeplex\munq3\ioccontainer\munq.ioccontainer.unittests\bin\debug\munq.ioccontainer.unittests.dll" id="e0653beb-d9fd-a22f-72ce-98d334f66168">
      <Execution id="9295d923-52f2-489a-b4db-1d42c0bc4dc5" />
      <TestMethod codeBase="C:/codeplex/Munq3/IocContainer/Munq.IocContainer.UnitTests/bin/Debug/Munq.IocContainer.UnitTests.DLL" adapterTypeName="Microsoft.VisualStudio.TestTools.TestTypes.Unit.UnitTestAdapter, Microsoft.VisualStudio.QualityTools.Tips.UnitTest.Adapter, Version=10.0.0.0, Culture=neutral, PublicKeyToken=b03f5f7f11d50a3a" className="Munq.Test.ContainerInterfaceTests, Munq.IocContainer.UnitTests, Version=1.0.0.0, Culture=neutral, PublicKeyToken=null" name="GenericNamedRegistrationReturnsRegistrationObject" />
    </UnitTest>
    <UnitTest name="GenericNamedGetRegistrationReturnTheExpectedRegistration" storage="c:\codeplex\munq3\ioccontainer\munq.ioccontainer.unittests\bin\debug\munq.ioccontainer.unittests.dll" id="ad0e59ae-bfd6-6f40-eeaa-9abe045de9b9">
      <Execution id="1506705e-e493-43e0-8e03-414c99d45827" />
      <TestMethod codeBase="C:/codeplex/Munq3/IocContainer/Munq.IocContainer.UnitTests/bin/Debug/Munq.IocContainer.UnitTests.DLL" adapterTypeName="Microsoft.VisualStudio.TestTools.TestTypes.Unit.UnitTestAdapter, Microsoft.VisualStudio.QualityTools.Tips.UnitTest.Adapter, Version=10.0.0.0, Culture=neutral, PublicKeyToken=b03f5f7f11d50a3a" className="Munq.Test.ContainerInterfaceTests, Munq.IocContainer.UnitTests, Version=1.0.0.0, Culture=neutral, PublicKeyToken=null" name="GenericNamedGetRegistrationReturnTheExpectedRegistration" />
    </UnitTest>
    <UnitTest name="GenericNamelessGetRegistrationReturnTheExpectedRegistration" storage="c:\codeplex\munq3\ioccontainer\munq.ioccontainer.unittests\bin\debug\munq.ioccontainer.unittests.dll" id="63a4bca0-192d-65ec-bac5-e5343edd6b3f">
      <Execution id="936dce25-faf3-40db-be73-551d020bf55b" />
      <TestMethod codeBase="C:/codeplex/Munq3/IocContainer/Munq.IocContainer.UnitTests/bin/Debug/Munq.IocContainer.UnitTests.DLL" adapterTypeName="Microsoft.VisualStudio.TestTools.TestTypes.Unit.UnitTestAdapter, Microsoft.VisualStudio.QualityTools.Tips.UnitTest.Adapter, Version=10.0.0.0, Culture=neutral, PublicKeyToken=b03f5f7f11d50a3a" className="Munq.Test.ContainerInterfaceTests, Munq.IocContainer.UnitTests, Version=1.0.0.0, Culture=neutral, PublicKeyToken=null" name="GenericNamelessGetRegistrationReturnTheExpectedRegistration" />
    </UnitTest>
    <UnitTest name="ThreadLocalStorageLifetimeManagerReturnsSameObjectForSameRequest" storage="c:\codeplex\munq3\ioccontainer\munq.ioccontainer.unittests\bin\debug\munq.ioccontainer.unittests.dll" id="9424efb9-0f36-a5f2-03f4-036d22061075">
      <Execution id="bb41c7be-94d3-4f4b-8fb2-8787996c1be1" />
      <TestMethod codeBase="C:/codeplex/Munq3/IocContainer/Munq.IocContainer.UnitTests/bin/Debug/Munq.IocContainer.UnitTests.DLL" adapterTypeName="Microsoft.VisualStudio.TestTools.TestTypes.Unit.UnitTestAdapter, Microsoft.VisualStudio.QualityTools.Tips.UnitTest.Adapter, Version=10.0.0.0, Culture=neutral, PublicKeyToken=b03f5f7f11d50a3a" className="Munq.Test.ThreadLocalStorageLifetimeTest, Munq.IocContainer.UnitTests, Version=1.0.0.0, Culture=neutral, PublicKeyToken=null" name="ThreadLocalStorageLifetimeManagerReturnsSameObjectForSameRequest" />
    </UnitTest>
    <UnitTest name="CanCreateContainer" storage="c:\codeplex\munq3\ioccontainer\munq.ioccontainer.unittests\bin\debug\munq.ioccontainer.unittests.dll" id="88540dc1-a4d2-c6fa-b206-39a7941e5d7c">
      <Execution id="3cc2bfc7-e5c3-4610-bc0a-ca67b7b73ca9" />
      <TestMethod codeBase="C:/codeplex/Munq3/IocContainer/Munq.IocContainer.UnitTests/bin/Debug/Munq.IocContainer.UnitTests.DLL" adapterTypeName="Microsoft.VisualStudio.TestTools.TestTypes.Unit.UnitTestAdapter, Microsoft.VisualStudio.QualityTools.Tips.UnitTest.Adapter, Version=10.0.0.0, Culture=neutral, PublicKeyToken=b03f5f7f11d50a3a" className="Munq.Test.ContainerInterfaceTests, Munq.IocContainer.UnitTests, Version=1.0.0.0, Culture=neutral, PublicKeyToken=null" name="CanCreateContainer" />
    </UnitTest>
    <UnitTest name="CanRemoveRegistration" storage="c:\codeplex\munq3\ioccontainer\munq.ioccontainer.unittests\bin\debug\munq.ioccontainer.unittests.dll" id="6a6f5667-8021-ded1-e2d6-a6e28300ad63">
      <Execution id="89b36c72-608b-4e8b-9069-b90f9f9d6658" />
      <TestMethod codeBase="C:/codeplex/Munq3/IocContainer/Munq.IocContainer.UnitTests/bin/Debug/Munq.IocContainer.UnitTests.DLL" adapterTypeName="Microsoft.VisualStudio.TestTools.TestTypes.Unit.UnitTestAdapter, Microsoft.VisualStudio.QualityTools.Tips.UnitTest.Adapter, Version=10.0.0.0, Culture=neutral, PublicKeyToken=b03f5f7f11d50a3a" className="Munq.Test.ContainerInterfaceTests, Munq.IocContainer.UnitTests, Version=1.0.0.0, Culture=neutral, PublicKeyToken=null" name="CanRemoveRegistration" />
    </UnitTest>
    <UnitTest name="GetRegistrationsReturnsAnEmptyListIfNoRegistrationsOfTheRequesetedType" storage="c:\codeplex\munq3\ioccontainer\munq.ioccontainer.unittests\bin\debug\munq.ioccontainer.unittests.dll" id="d4160764-39cc-42b4-f06d-e68e0ae453c2">
      <Execution id="1647820e-41df-4f69-9c87-935a3ab3230d" />
      <TestMethod codeBase="C:/codeplex/Munq3/IocContainer/Munq.IocContainer.UnitTests/bin/Debug/Munq.IocContainer.UnitTests.DLL" adapterTypeName="Microsoft.VisualStudio.TestTools.TestTypes.Unit.UnitTestAdapter, Microsoft.VisualStudio.QualityTools.Tips.UnitTest.Adapter, Version=10.0.0.0, Culture=neutral, PublicKeyToken=b03f5f7f11d50a3a" className="Munq.Test.ContainerInterfaceTests, Munq.IocContainer.UnitTests, Version=1.0.0.0, Culture=neutral, PublicKeyToken=null" name="GetRegistrationsReturnsAnEmptyListIfNoRegistrationsOfTheRequesetedType" />
    </UnitTest>
    <UnitTest name="GenericNamelessLazyResolveReturnsDelegateReturningObjectOfExpectedType" storage="c:\codeplex\munq3\ioccontainer\munq.ioccontainer.unittests\bin\debug\munq.ioccontainer.unittests.dll" id="a92ff8ba-b49c-1c69-183f-afe9c7a7a8e6">
      <Execution id="b64398a8-894d-4c8b-84a7-653fddb84900" />
      <TestMethod codeBase="C:/codeplex/Munq3/IocContainer/Munq.IocContainer.UnitTests/bin/Debug/Munq.IocContainer.UnitTests.DLL" adapterTypeName="Microsoft.VisualStudio.TestTools.TestTypes.Unit.UnitTestAdapter, Microsoft.VisualStudio.QualityTools.Tips.UnitTest.Adapter, Version=10.0.0.0, Culture=neutral, PublicKeyToken=b03f5f7f11d50a3a" className="Munq.Test.ContainerInterfaceTests, Munq.IocContainer.UnitTests, Version=1.0.0.0, Culture=neutral, PublicKeyToken=null" name="GenericNamelessLazyResolveReturnsDelegateReturningObjectOfExpectedType" />
    </UnitTest>
    <UnitTest name="MultipleResolvesReturnDifferentInstances" storage="c:\codeplex\munq3\ioccontainer\munq.ioccontainer.unittests\bin\debug\munq.ioccontainer.unittests.dll" id="0f0884c0-d48b-47f9-fa4e-203f4e6a71bd">
      <Execution id="936f8f8a-2638-4544-b0d2-4ef71434056f" />
      <TestMethod codeBase="C:/codeplex/Munq3/IocContainer/Munq.IocContainer.UnitTests/bin/Debug/Munq.IocContainer.UnitTests.DLL" adapterTypeName="Microsoft.VisualStudio.TestTools.TestTypes.Unit.UnitTestAdapter, Microsoft.VisualStudio.QualityTools.Tips.UnitTest.Adapter, Version=10.0.0.0, Culture=neutral, PublicKeyToken=b03f5f7f11d50a3a" className="Munq.Test.ContainerInterfaceTests, Munq.IocContainer.UnitTests, Version=1.0.0.0, Culture=neutral, PublicKeyToken=null" name="MultipleResolvesReturnDifferentInstances" />
    </UnitTest>
  </TestDefinitions>
  <TestLists>
    <TestList name="Results Not in a List" id="8c84fa94-04c1-424b-9868-57a2d4851a1d" />
    <TestList name="All Loaded Results" id="19431567-8539-422a-85d7-44ee4e166bda" />
  </TestLists>
  <TestEntries>
    <TestEntry testId="02737236-89a4-c032-81fa-1c97fd4dfcda" executionId="204471a8-8b37-4d58-9110-9334fe8e5acb" testListId="8c84fa94-04c1-424b-9868-57a2d4851a1d" />
    <TestEntry testId="05122c85-36c5-0391-8cbb-392864082a92" executionId="4d9d1f46-b182-44cd-8c9f-a15662c48848" testListId="8c84fa94-04c1-424b-9868-57a2d4851a1d" />
    <TestEntry testId="0627eb6a-7af4-3363-5a88-0829bebc8b56" executionId="452ad861-c9b5-4527-a553-1c1d2e525720" testListId="8c84fa94-04c1-424b-9868-57a2d4851a1d" />
    <TestEntry testId="07e2ff27-df49-9005-4f7b-d43401045597" executionId="eda5327f-02d1-4598-9cf2-363d3d6a280c" testListId="8c84fa94-04c1-424b-9868-57a2d4851a1d" />
    <TestEntry testId="07fa5192-559a-e59b-aaba-f258b2494d0f" executionId="e6ae9cf7-96b1-4be2-825a-56d12d84d986" testListId="8c84fa94-04c1-424b-9868-57a2d4851a1d" />
    <TestEntry testId="0a3eb2c9-30dd-f32c-798d-c365f56179d7" executionId="36c0c685-2bf3-4ffc-aa50-387b51c464ca" testListId="8c84fa94-04c1-424b-9868-57a2d4851a1d" />
    <TestEntry testId="0d5c9df4-54b3-c5b5-1bbc-e53062d4a667" executionId="120abcd0-f1e9-4649-a448-a93e2c2356ad" testListId="8c84fa94-04c1-424b-9868-57a2d4851a1d" />
    <TestEntry testId="0f0884c0-d48b-47f9-fa4e-203f4e6a71bd" executionId="936f8f8a-2638-4544-b0d2-4ef71434056f" testListId="8c84fa94-04c1-424b-9868-57a2d4851a1d" />
    <TestEntry testId="1e867af0-e477-d65a-cbe3-58bf7ac85571" executionId="8ca9fe03-669f-464c-9527-90303bfa5d8d" testListId="8c84fa94-04c1-424b-9868-57a2d4851a1d" />
    <TestEntry testId="1ff4f4aa-6663-c20d-4490-6870a9e069a8" executionId="55ccc606-c748-4e01-a1bb-ed34a66744f4" testListId="8c84fa94-04c1-424b-9868-57a2d4851a1d" />
    <TestEntry testId="220616ba-8e52-8771-a905-f3892b01f200" executionId="b2967195-de05-41e1-bb99-85bbf8eefdaa" testListId="8c84fa94-04c1-424b-9868-57a2d4851a1d" />
    <TestEntry testId="2922b3fd-2fe4-d082-34a1-0b397811c4c0" executionId="b5a28ccc-9c83-4504-b6c3-6ac8bec39ac6" testListId="8c84fa94-04c1-424b-9868-57a2d4851a1d" />
    <TestEntry testId="2b062f51-d92e-8cc1-061f-81335f938b57" executionId="f4ce1f6f-d811-4e53-9bf5-02fabcaa6619" testListId="8c84fa94-04c1-424b-9868-57a2d4851a1d" />
    <TestEntry testId="2b2768a0-9a09-43f4-0d4f-b546218c887b" executionId="3d9c07aa-b34a-4137-b50a-70772d65fb7d" testListId="8c84fa94-04c1-424b-9868-57a2d4851a1d" />
    <TestEntry testId="345a4b29-e343-bca1-5885-cffd7df8be8a" executionId="87d6def7-d7ef-49c9-8e5c-981cb2e0e0a5" testListId="8c84fa94-04c1-424b-9868-57a2d4851a1d" />
    <TestEntry testId="35b9dc38-aca4-e5e8-169e-24751c746b37" executionId="1a8d93ec-d903-4539-9784-05a8bc50116d" testListId="8c84fa94-04c1-424b-9868-57a2d4851a1d" />
    <TestEntry testId="3a73cbc6-308d-748c-2abd-3dc2d857812e" executionId="04599532-a7fc-4cb9-b44e-92daee51eb77" testListId="8c84fa94-04c1-424b-9868-57a2d4851a1d" />
    <TestEntry testId="465ca572-ea0e-f669-7ec3-5af6a0d5760c" executionId="ff5b7264-0053-4df7-aa3a-12cb5caa46f4" testListId="8c84fa94-04c1-424b-9868-57a2d4851a1d" />
    <TestEntry testId="49e1f5c3-10f3-841b-cef8-7e1f1e2cddf0" executionId="b61ad21b-975f-4560-80c3-4713d7f09281" testListId="8c84fa94-04c1-424b-9868-57a2d4851a1d" />
    <TestEntry testId="4f9ea068-c92d-cafe-85d1-ec90f2dd904c" executionId="c045c6c1-7021-42d1-a62a-8ea43c27d90f" testListId="8c84fa94-04c1-424b-9868-57a2d4851a1d" />
    <TestEntry testId="59af381a-df3a-d5a7-b443-695d6de8ef8b" executionId="66198682-9f82-4950-9ec9-0a67166bd351" testListId="8c84fa94-04c1-424b-9868-57a2d4851a1d" />
    <TestEntry testId="5d66c02a-b459-aa83-e36b-9cd6b3c9adaa" executionId="cbdfa1f5-a9a4-488c-b717-0450b3d742b0" testListId="8c84fa94-04c1-424b-9868-57a2d4851a1d" />
    <TestEntry testId="6140ecd7-0c39-332d-b0c7-92852609fb06" executionId="4c9102de-937a-4584-b9b4-2f14db434d44" testListId="8c84fa94-04c1-424b-9868-57a2d4851a1d" />
    <TestEntry testId="63a4bca0-192d-65ec-bac5-e5343edd6b3f" executionId="936dce25-faf3-40db-be73-551d020bf55b" testListId="8c84fa94-04c1-424b-9868-57a2d4851a1d" />
    <TestEntry testId="648acf83-737c-f805-975a-2b07d9798001" executionId="e00b3250-60dd-404d-8d1c-289435df9de8" testListId="8c84fa94-04c1-424b-9868-57a2d4851a1d" />
    <TestEntry testId="6652ae72-cafc-5bae-e010-a84a003aecde" executionId="965abd9d-d0e8-42e7-a944-67c098e66298" testListId="8c84fa94-04c1-424b-9868-57a2d4851a1d" />
    <TestEntry testId="69632b69-fa22-490a-fcd2-19e2b346399b" executionId="9b81f3c7-f06f-47d9-9963-d7ef84af2d58" testListId="8c84fa94-04c1-424b-9868-57a2d4851a1d" />
    <TestEntry testId="6a6f5667-8021-ded1-e2d6-a6e28300ad63" executionId="89b36c72-608b-4e8b-9069-b90f9f9d6658" testListId="8c84fa94-04c1-424b-9868-57a2d4851a1d" />
    <TestEntry testId="6a732e0d-f614-e8c4-299e-cacd5943d405" executionId="902811e8-aabc-464e-a89a-722053d53cfa" testListId="8c84fa94-04c1-424b-9868-57a2d4851a1d" />
    <TestEntry testId="6c7ce41a-d1b1-7b6b-b573-c527725b0f30" executionId="41661bad-104e-4d07-83a4-2345ae06c88b" testListId="8c84fa94-04c1-424b-9868-57a2d4851a1d" />
    <TestEntry testId="74401043-6b4f-625b-83ed-3108fcbfc4d8" executionId="5f7f14a3-811d-4df0-b6ef-7f31e091fcfb" testListId="8c84fa94-04c1-424b-9868-57a2d4851a1d" />
    <TestEntry testId="7c044e9e-239b-5e8a-9945-1eec979fd0e4" executionId="e8f0e007-6bf1-4a88-b273-4da456ae6335" testListId="8c84fa94-04c1-424b-9868-57a2d4851a1d" />
    <TestEntry testId="7e179625-6a6a-f6e6-2be8-d2d81b4f7cc3" executionId="27733b74-5fa6-4609-8cb3-2091804aa8a0" testListId="8c84fa94-04c1-424b-9868-57a2d4851a1d" />
    <TestEntry testId="85732068-c00f-106c-8c3f-0f4948b43550" executionId="9bf18621-fe06-4c8f-9cfa-863295a4258e" testListId="8c84fa94-04c1-424b-9868-57a2d4851a1d" />
    <TestEntry testId="88540dc1-a4d2-c6fa-b206-39a7941e5d7c" executionId="3cc2bfc7-e5c3-4610-bc0a-ca67b7b73ca9" testListId="8c84fa94-04c1-424b-9868-57a2d4851a1d" />
    <TestEntry testId="8abbdcc9-980c-160e-1935-a1781d061c23" executionId="f2ee4498-f790-4799-a0e0-1cd7b8c09dc3" testListId="8c84fa94-04c1-424b-9868-57a2d4851a1d" />
    <TestEntry testId="8c0edb47-9b07-331b-7cda-e0f9666bb85e" executionId="b0bf431f-4321-4d29-86db-5bf4e6d8516d" testListId="8c84fa94-04c1-424b-9868-57a2d4851a1d" />
    <TestEntry testId="8fa2939f-9ed9-b26c-3a9d-a157e7b7e6d1" executionId="0bc49cbc-f788-4fed-96c8-ce5c8344d76d" testListId="8c84fa94-04c1-424b-9868-57a2d4851a1d" />
    <TestEntry testId="9424efb9-0f36-a5f2-03f4-036d22061075" executionId="bb41c7be-94d3-4f4b-8fb2-8787996c1be1" testListId="8c84fa94-04c1-424b-9868-57a2d4851a1d" />
    <TestEntry testId="956529f1-b9c1-1401-c62a-49630e35128c" executionId="7bad22f2-a5be-4ec8-8eb9-60fa8787c202" testListId="8c84fa94-04c1-424b-9868-57a2d4851a1d" />
    <TestEntry testId="98c8c603-3f38-1043-5bbd-fbda6491744d" executionId="0bbfc737-86d4-4524-a464-b26aaf933295" testListId="8c84fa94-04c1-424b-9868-57a2d4851a1d" />
    <TestEntry testId="9d736676-0887-194c-f0b1-572b8ad38118" executionId="ceb38d1d-eddc-4255-b8f1-5706d3297f9f" testListId="8c84fa94-04c1-424b-9868-57a2d4851a1d" />
    <TestEntry testId="a34fe5e7-35bb-e624-702e-24f9f33a2a3c" executionId="e8ac58f5-8463-4bed-bb41-0c175e709d97" testListId="8c84fa94-04c1-424b-9868-57a2d4851a1d" />
    <TestEntry testId="a479c1b2-437f-35db-c5cb-e932a3a155a6" executionId="f992970b-774c-4658-ace8-240de67e3743" testListId="8c84fa94-04c1-424b-9868-57a2d4851a1d" />
    <TestEntry testId="a5d92d98-0860-8285-0345-2908c94ba662" executionId="c4926ef5-2f82-43ad-89dc-c66dbc8c4e5b" testListId="8c84fa94-04c1-424b-9868-57a2d4851a1d" />
    <TestEntry testId="a92ff8ba-b49c-1c69-183f-afe9c7a7a8e6" executionId="b64398a8-894d-4c8b-84a7-653fddb84900" testListId="8c84fa94-04c1-424b-9868-57a2d4851a1d" />
    <TestEntry testId="ad0e59ae-bfd6-6f40-eeaa-9abe045de9b9" executionId="1506705e-e493-43e0-8e03-414c99d45827" testListId="8c84fa94-04c1-424b-9868-57a2d4851a1d" />
    <TestEntry testId="afc32bcc-31c8-e45b-b67f-cb8423f1676c" executionId="9ab0427c-0b95-4553-b315-12fb25954fd3" testListId="8c84fa94-04c1-424b-9868-57a2d4851a1d" />
    <TestEntry testId="b22ba063-90ed-f619-23ea-18a13a98113a" executionId="1a92de5e-adb7-4227-9e59-fac79798dbc9" testListId="8c84fa94-04c1-424b-9868-57a2d4851a1d" />
    <TestEntry testId="b284fe69-a348-9433-e2b1-e6a7b3d35279" executionId="2de8a937-11b6-43d0-af40-2c97b2b6f571" testListId="8c84fa94-04c1-424b-9868-57a2d4851a1d" />
    <TestEntry testId="b68ccd34-e766-116b-6658-ac8a0cb2adec" executionId="5d7dc8e8-3c14-4cac-be34-bbaee3a7c0c9" testListId="8c84fa94-04c1-424b-9868-57a2d4851a1d" />
    <TestEntry testId="b93ee418-bf96-be02-1b6b-eb0cd40096c4" executionId="4ca30fe3-bca2-481c-806d-b8c50f47edf6" testListId="8c84fa94-04c1-424b-9868-57a2d4851a1d" />
    <TestEntry testId="bd94bb4a-d7fb-5f14-9e4b-e5eeeb44c3db" executionId="41d67e98-7f48-45c7-bcf7-4eb11e11ea4e" testListId="8c84fa94-04c1-424b-9868-57a2d4851a1d" />
    <TestEntry testId="c3410a5d-bef4-5e97-00e1-4c02ba358242" executionId="474624d3-1cd6-41aa-a810-75ceb8761058" testListId="8c84fa94-04c1-424b-9868-57a2d4851a1d" />
    <TestEntry testId="d4160764-39cc-42b4-f06d-e68e0ae453c2" executionId="1647820e-41df-4f69-9c87-935a3ab3230d" testListId="8c84fa94-04c1-424b-9868-57a2d4851a1d" />
    <TestEntry testId="d6bfda43-021e-4f00-452d-9ca6f6423fc8" executionId="6f029d41-2669-458f-b023-352823dcaf3b" testListId="8c84fa94-04c1-424b-9868-57a2d4851a1d" />
    <TestEntry testId="de6008c1-76f2-7132-ae65-5f4a0125abc2" executionId="201c857a-e3c1-43fc-aa73-16f58d7c78a4" testListId="8c84fa94-04c1-424b-9868-57a2d4851a1d" />
    <TestEntry testId="e0653beb-d9fd-a22f-72ce-98d334f66168" executionId="9295d923-52f2-489a-b4db-1d42c0bc4dc5" testListId="8c84fa94-04c1-424b-9868-57a2d4851a1d" />
    <TestEntry testId="e14e2fc4-22dc-6eb3-48a3-f7e2833cb6f4" executionId="87ad06fe-0135-492b-ac3c-0ab9c97ad882" testListId="8c84fa94-04c1-424b-9868-57a2d4851a1d" />
    <TestEntry testId="e423bcac-7f31-7198-860c-bdf579cc0a79" executionId="2cd750b6-a6c2-42bc-9802-4cee8367a20e" testListId="8c84fa94-04c1-424b-9868-57a2d4851a1d" />
    <TestEntry testId="e8e09833-9fe4-1572-a322-d000697ecbb6" executionId="e2a7caaa-1a1a-4e97-b946-34c07c0e5afc" testListId="8c84fa94-04c1-424b-9868-57a2d4851a1d" />
    <TestEntry testId="ea6f0aba-3043-62ef-066f-025b85dc42f9" executionId="6f7ce752-ad44-4ce1-b1ab-3faff5d0957c" testListId="8c84fa94-04c1-424b-9868-57a2d4851a1d" />
    <TestEntry testId="eb6a59d9-d1f4-cc24-8094-97c386e29555" executionId="25d61759-1b5e-41b4-8fa1-23837ff599cd" testListId="8c84fa94-04c1-424b-9868-57a2d4851a1d" />
  </TestEntries>
  <Results>
    <UnitTestResult executionId="204471a8-8b37-4d58-9110-9334fe8e5acb" testId="02737236-89a4-c032-81fa-1c97fd4dfcda" testName="GenericNamelessInstanceRegistrationReturnsRegistrationObject" computerName="MATTHEW-PC" duration="00:00:00.0345952" startTime="2011-03-13T20:58:50.2815191-04:00" endTime="2011-03-13T20:58:50.9215557-04:00" testType="13cdc9d9-ddb5-4fa4-a97d-d965ccfc6d4b" outcome="Passed" testListId="8c84fa94-04c1-424b-9868-57a2d4851a1d" relativeResultsDirectory="204471a8-8b37-4d58-9110-9334fe8e5acb">
    </UnitTestResult>
    <UnitTestResult executionId="4d9d1f46-b182-44cd-8c9f-a15662c48848" testId="05122c85-36c5-0391-8cbb-392864082a92" testName="UnnamedTypeRegistrationResolvesToCorrectType" computerName="MATTHEW-PC" duration="00:00:00.0143420" startTime="2011-03-13T20:58:50.9275560-04:00" endTime="2011-03-13T20:58:50.9475572-04:00" testType="13cdc9d9-ddb5-4fa4-a97d-d965ccfc6d4b" outcome="Passed" testListId="8c84fa94-04c1-424b-9868-57a2d4851a1d" relativeResultsDirectory="4d9d1f46-b182-44cd-8c9f-a15662c48848">
    </UnitTestResult>
    <UnitTestResult executionId="452ad861-c9b5-4527-a553-1c1d2e525720" testId="0627eb6a-7af4-3363-5a88-0829bebc8b56" testName="AttemptingNamedGenericGetRegistrationForANonexistingEntryThrows" computerName="MATTHEW-PC" duration="00:00:00.0045807" startTime="2011-03-13T20:58:50.9515574-04:00" endTime="2011-03-13T20:58:50.9635581-04:00" testType="13cdc9d9-ddb5-4fa4-a97d-d965ccfc6d4b" outcome="Passed" testListId="8c84fa94-04c1-424b-9868-57a2d4851a1d" relativeResultsDirectory="452ad861-c9b5-4527-a553-1c1d2e525720">
    </UnitTestResult>
    <UnitTestResult executionId="eda5327f-02d1-4598-9cf2-363d3d6a280c" testId="07e2ff27-df49-9005-4f7b-d43401045597" testName="CanSetDefaultLifetimeManagerToAlwaysNew" computerName="MATTHEW-PC" duration="00:00:00.0012413" startTime="2011-03-13T20:58:50.9675583-04:00" endTime="2011-03-13T20:58:50.9745587-04:00" testType="13cdc9d9-ddb5-4fa4-a97d-d965ccfc6d4b" outcome="Passed" testListId="8c84fa94-04c1-424b-9868-57a2d4851a1d" relativeResultsDirectory="eda5327f-02d1-4598-9cf2-363d3d6a280c">
    </UnitTestResult>
    <UnitTestResult executionId="e6ae9cf7-96b1-4be2-825a-56d12d84d986" testId="07fa5192-559a-e59b-aaba-f258b2494d0f" testName="CanSetDefaultLifetimeManagerToThreadLocalStorageLifetime" computerName="MATTHEW-PC" duration="00:00:00.0008746" startTime="2011-03-13T20:58:50.9785590-04:00" endTime="2011-03-13T20:58:50.9835592-04:00" testType="13cdc9d9-ddb5-4fa4-a97d-d965ccfc6d4b" outcome="Passed" testListId="8c84fa94-04c1-424b-9868-57a2d4851a1d" relativeResultsDirectory="e6ae9cf7-96b1-4be2-825a-56d12d84d986">
    </UnitTestResult>
    <UnitTestResult executionId="36c0c685-2bf3-4ffc-aa50-387b51c464ca" testId="0a3eb2c9-30dd-f32c-798d-c365f56179d7" testName="DefaultLifetimeManagerAlwaysReturnsNewInstance" computerName="MATTHEW-PC" duration="00:00:00.0017240" startTime="2011-03-13T20:58:50.9875595-04:00" endTime="2011-03-13T20:58:50.9935598-04:00" testType="13cdc9d9-ddb5-4fa4-a97d-d965ccfc6d4b" outcome="Passed" testListId="8c84fa94-04c1-424b-9868-57a2d4851a1d" relativeResultsDirectory="36c0c685-2bf3-4ffc-aa50-387b51c464ca">
    </UnitTestResult>
    <UnitTestResult executionId="120abcd0-f1e9-4649-a448-a93e2c2356ad" testId="0d5c9df4-54b3-c5b5-1bbc-e53062d4a667" testName="NonGenericNamedGetRegistrationReturnTheExpectedRegistration" computerName="MATTHEW-PC" duration="00:00:00.0019334" startTime="2011-03-13T20:58:50.9965600-04:00" endTime="2011-03-13T20:58:51.0115608-04:00" testType="13cdc9d9-ddb5-4fa4-a97d-d965ccfc6d4b" outcome="Passed" testListId="8c84fa94-04c1-424b-9868-57a2d4851a1d" relativeResultsDirectory="120abcd0-f1e9-4649-a448-a93e2c2356ad">
    </UnitTestResult>
    <UnitTestResult executionId="936f8f8a-2638-4544-b0d2-4ef71434056f" testId="0f0884c0-d48b-47f9-fa4e-203f4e6a71bd" testName="MultipleResolvesReturnDifferentInstances" computerName="MATTHEW-PC" duration="00:00:00.0016786" startTime="2011-03-13T20:58:51.0175612-04:00" endTime="2011-03-13T20:58:51.0245616-04:00" testType="13cdc9d9-ddb5-4fa4-a97d-d965ccfc6d4b" outcome="Passed" testListId="8c84fa94-04c1-424b-9868-57a2d4851a1d" relativeResultsDirectory="936f8f8a-2638-4544-b0d2-4ef71434056f">
    </UnitTestResult>
    <UnitTestResult executionId="8ca9fe03-669f-464c-9527-90303bfa5d8d" testId="1e867af0-e477-d65a-cbe3-58bf7ac85571" testName="CanSetDefaultLifetimeManagerToCachedLifetime" computerName="MATTHEW-PC" duration="00:00:00.0012788" startTime="2011-03-13T20:58:51.0285618-04:00" endTime="2011-03-13T20:58:51.0335621-04:00" testType="13cdc9d9-ddb5-4fa4-a97d-d965ccfc6d4b" outcome="Passed" testListId="8c84fa94-04c1-424b-9868-57a2d4851a1d" relativeResultsDirectory="8ca9fe03-669f-464c-9527-90303bfa5d8d">
    </UnitTestResult>
    <UnitTestResult executionId="55ccc606-c748-4e01-a1bb-ed34a66744f4" testId="1ff4f4aa-6663-c20d-4490-6870a9e069a8" testName="CanSetDefaultLifetimeManagerToRequestLifetime" computerName="MATTHEW-PC" duration="00:00:00.0010420" startTime="2011-03-13T20:58:51.0375623-04:00" endTime="2011-03-13T20:58:51.0435627-04:00" testType="13cdc9d9-ddb5-4fa4-a97d-d965ccfc6d4b" outcome="Passed" testListId="8c84fa94-04c1-424b-9868-57a2d4851a1d" relativeResultsDirectory="55ccc606-c748-4e01-a1bb-ed34a66744f4">
    </UnitTestResult>
    <UnitTestResult executionId="b2967195-de05-41e1-bb99-85bbf8eefdaa" testId="220616ba-8e52-8771-a905-f3892b01f200" testName="NonGenericNamedLazyResolveReturnsDelegateReturningObjectOfExpectedType" computerName="MATTHEW-PC" duration="00:00:00.0013326" startTime="2011-03-13T20:58:51.0475629-04:00" endTime="2011-03-13T20:58:51.0525632-04:00" testType="13cdc9d9-ddb5-4fa4-a97d-d965ccfc6d4b" outcome="Passed" testListId="8c84fa94-04c1-424b-9868-57a2d4851a1d" relativeResultsDirectory="b2967195-de05-41e1-bb99-85bbf8eefdaa">
    </UnitTestResult>
    <UnitTestResult executionId="b5a28ccc-9c83-4504-b6c3-6ac8bec39ac6" testId="2922b3fd-2fe4-d082-34a1-0b397811c4c0" testName="CallbackIsCalledWhenItemRemovedFromCache" computerName="MATTHEW-PC" duration="00:00:02.0116588" startTime="2011-03-13T20:58:51.0575635-04:00" endTime="2011-03-13T20:58:53.0726787-04:00" testType="13cdc9d9-ddb5-4fa4-a97d-d965ccfc6d4b" outcome="Passed" testListId="8c84fa94-04c1-424b-9868-57a2d4851a1d" relativeResultsDirectory="b5a28ccc-9c83-4504-b6c3-6ac8bec39ac6">
    </UnitTestResult>
    <UnitTestResult executionId="f4ce1f6f-d811-4e53-9bf5-02fabcaa6619" testId="2b062f51-d92e-8cc1-061f-81335f938b57" testName="NonGenericGetRegistrationsIncludesAllButOnlyExpectedRegistrations" computerName="MATTHEW-PC" duration="00:00:00.0047442" startTime="2011-03-13T20:58:53.0766790-04:00" endTime="2011-03-13T20:58:53.0856795-04:00" testType="13cdc9d9-ddb5-4fa4-a97d-d965ccfc6d4b" outcome="Passed" testListId="8c84fa94-04c1-424b-9868-57a2d4851a1d" relativeResultsDirectory="f4ce1f6f-d811-4e53-9bf5-02fabcaa6619">
    </UnitTestResult>
    <UnitTestResult executionId="3d9c07aa-b34a-4137-b50a-70772d65fb7d" testId="2b2768a0-9a09-43f4-0d4f-b546218c887b" testName="NamedTypeWithParametersRegistrationResolvesToCorrectType" computerName="MATTHEW-PC" duration="00:00:00.0038562" startTime="2011-03-13T20:58:53.0906798-04:00" endTime="2011-03-13T20:58:53.0986802-04:00" testType="13cdc9d9-ddb5-4fa4-a97d-d965ccfc6d4b" outcome="Passed" testListId="8c84fa94-04c1-424b-9868-57a2d4851a1d" relativeResultsDirectory="3d9c07aa-b34a-4137-b50a-70772d65fb7d">
    </UnitTestResult>
    <UnitTestResult executionId="87d6def7-d7ef-49c9-8e5c-981cb2e0e0a5" testId="345a4b29-e343-bca1-5885-cffd7df8be8a" testName="GenericNamedResolveReturnsObjectOfExpectedType" computerName="MATTHEW-PC" duration="00:00:00.0018964" startTime="2011-03-13T20:58:53.1016804-04:00" endTime="2011-03-13T20:58:53.1086808-04:00" testType="13cdc9d9-ddb5-4fa4-a97d-d965ccfc6d4b" outcome="Passed" testListId="8c84fa94-04c1-424b-9868-57a2d4851a1d" relativeResultsDirectory="87d6def7-d7ef-49c9-8e5c-981cb2e0e0a5">
    </UnitTestResult>
    <UnitTestResult executionId="1a8d93ec-d903-4539-9784-05a8bc50116d" testId="35b9dc38-aca4-e5e8-169e-24751c746b37" testName="CachedLifetimeManagerReturnsDifferentObjectIfSlidingTimeExpired" computerName="MATTHEW-PC" duration="00:00:02.0009882" startTime="2011-03-13T20:58:53.1116810-04:00" endTime="2011-03-13T20:58:55.1157956-04:00" testType="13cdc9d9-ddb5-4fa4-a97d-d965ccfc6d4b" outcome="Passed" testListId="8c84fa94-04c1-424b-9868-57a2d4851a1d" relativeResultsDirectory="1a8d93ec-d903-4539-9784-05a8bc50116d">
    </UnitTestResult>
    <UnitTestResult executionId="04599532-a7fc-4cb9-b44e-92daee51eb77" testId="3a73cbc6-308d-748c-2abd-3dc2d857812e" testName="NamedTypeRegistrationResolvesToCorrectType" computerName="MATTHEW-PC" duration="00:00:00.0007878" startTime="2011-03-13T20:58:55.1217959-04:00" endTime="2011-03-13T20:58:55.1267962-04:00" testType="13cdc9d9-ddb5-4fa4-a97d-d965ccfc6d4b" outcome="Passed" testListId="8c84fa94-04c1-424b-9868-57a2d4851a1d" relativeResultsDirectory="04599532-a7fc-4cb9-b44e-92daee51eb77">
    </UnitTestResult>
    <UnitTestResult executionId="ff5b7264-0053-4df7-aa3a-12cb5caa46f4" testId="465ca572-ea0e-f669-7ec3-5af6a0d5760c" testName="NonGenericNamedRegistrationReturnsRegistrationObject" computerName="MATTHEW-PC" duration="00:00:00.0010112" startTime="2011-03-13T20:58:55.1307965-04:00" endTime="2011-03-13T20:58:55.1367968-04:00" testType="13cdc9d9-ddb5-4fa4-a97d-d965ccfc6d4b" outcome="Passed" testListId="8c84fa94-04c1-424b-9868-57a2d4851a1d" relativeResultsDirectory="ff5b7264-0053-4df7-aa3a-12cb5caa46f4">
    </UnitTestResult>
    <UnitTestResult executionId="b61ad21b-975f-4560-80c3-4713d7f09281" testId="49e1f5c3-10f3-841b-cef8-7e1f1e2cddf0" testName="NonGenericNamelessGetRegistrationReturnTheExpectedRegistration" computerName="MATTHEW-PC" duration="00:00:00.0007939" startTime="2011-03-13T20:58:55.1407970-04:00" endTime="2011-03-13T20:58:55.1457973-04:00" testType="13cdc9d9-ddb5-4fa4-a97d-d965ccfc6d4b" outcome="Passed" testListId="8c84fa94-04c1-424b-9868-57a2d4851a1d" relativeResultsDirectory="b61ad21b-975f-4560-80c3-4713d7f09281">
    </UnitTestResult>
    <UnitTestResult executionId="c045c6c1-7021-42d1-a62a-8ea43c27d90f" testId="4f9ea068-c92d-cafe-85d1-ec90f2dd904c" testName="NonGenericNamedInstanceRegistrationReturnsRegistrationObject" computerName="MATTHEW-PC" duration="00:00:00.0008751" startTime="2011-03-13T20:58:55.1497975-04:00" endTime="2011-03-13T20:58:55.1547978-04:00" testType="13cdc9d9-ddb5-4fa4-a97d-d965ccfc6d4b" outcome="Passed" testListId="8c84fa94-04c1-424b-9868-57a2d4851a1d" relativeResultsDirectory="c045c6c1-7021-42d1-a62a-8ea43c27d90f">
    </UnitTestResult>
    <UnitTestResult executionId="66198682-9f82-4950-9ec9-0a67166bd351" testId="59af381a-df3a-d5a7-b443-695d6de8ef8b" testName="NamedAndUnnamedRegistrationsResolveToDifferentTypes" computerName="MATTHEW-PC" duration="00:00:00.0012844" startTime="2011-03-13T20:58:55.1587981-04:00" endTime="2011-03-13T20:58:55.1647984-04:00" testType="13cdc9d9-ddb5-4fa4-a97d-d965ccfc6d4b" outcome="Passed" testListId="8c84fa94-04c1-424b-9868-57a2d4851a1d" relativeResultsDirectory="66198682-9f82-4950-9ec9-0a67166bd351">
    </UnitTestResult>
    <UnitTestResult executionId="cbdfa1f5-a9a4-488c-b717-0450b3d742b0" testId="5d66c02a-b459-aa83-e36b-9cd6b3c9adaa" testName="CanSetDefaultLifetimeManagerToRequestLifetime" computerName="MATTHEW-PC" duration="00:00:00.0007049" startTime="2011-03-13T20:58:55.1697987-04:00" endTime="2011-03-13T20:58:55.1757990-04:00" testType="13cdc9d9-ddb5-4fa4-a97d-d965ccfc6d4b" outcome="Passed" testListId="8c84fa94-04c1-424b-9868-57a2d4851a1d" relativeResultsDirectory="cbdfa1f5-a9a4-488c-b717-0450b3d742b0">
    </UnitTestResult>
    <UnitTestResult executionId="4c9102de-937a-4584-b9b4-2f14db434d44" testId="6140ecd7-0c39-332d-b0c7-92852609fb06" testName="RegisteringASecondFactoryForSameTypeAndNameOverwitesFirst" computerName="MATTHEW-PC" duration="00:00:00.0008292" startTime="2011-03-13T20:58:55.1797993-04:00" endTime="2011-03-13T20:58:55.1847995-04:00" testType="13cdc9d9-ddb5-4fa4-a97d-d965ccfc6d4b" outcome="Passed" testListId="8c84fa94-04c1-424b-9868-57a2d4851a1d" relativeResultsDirectory="4c9102de-937a-4584-b9b4-2f14db434d44">
    </UnitTestResult>
    <UnitTestResult executionId="936dce25-faf3-40db-be73-551d020bf55b" testId="63a4bca0-192d-65ec-bac5-e5343edd6b3f" testName="GenericNamelessGetRegistrationReturnTheExpectedRegistration" computerName="MATTHEW-PC" duration="00:00:00.0004871" startTime="2011-03-13T20:58:55.1897998-04:00" endTime="2011-03-13T20:58:55.1948001-04:00" testType="13cdc9d9-ddb5-4fa4-a97d-d965ccfc6d4b" outcome="Passed" testListId="8c84fa94-04c1-424b-9868-57a2d4851a1d" relativeResultsDirectory="936dce25-faf3-40db-be73-551d020bf55b">
    </UnitTestResult>
    <UnitTestResult executionId="e00b3250-60dd-404d-8d1c-289435df9de8" testId="648acf83-737c-f805-975a-2b07d9798001" testName="CachedLifetimeManagerReturnsSameObjectIfCacheNotExpired" computerName="MATTHEW-PC" duration="00:00:00.0007609" startTime="2011-03-13T20:58:55.2008005-04:00" endTime="2011-03-13T20:58:55.2058007-04:00" testType="13cdc9d9-ddb5-4fa4-a97d-d965ccfc6d4b" outcome="Passed" testListId="8c84fa94-04c1-424b-9868-57a2d4851a1d" relativeResultsDirectory="e00b3250-60dd-404d-8d1c-289435df9de8">
    </UnitTestResult>
    <UnitTestResult executionId="965abd9d-d0e8-42e7-a944-67c098e66298" testId="6652ae72-cafc-5bae-e010-a84a003aecde" testName="NnamedTypeRegistrationReturnsRegistration" computerName="MATTHEW-PC" duration="00:00:00.0007027" startTime="2011-03-13T20:58:55.2098010-04:00" endTime="2011-03-13T20:58:55.2148013-04:00" testType="13cdc9d9-ddb5-4fa4-a97d-d965ccfc6d4b" outcome="Passed" testListId="8c84fa94-04c1-424b-9868-57a2d4851a1d" relativeResultsDirectory="965abd9d-d0e8-42e7-a944-67c098e66298">
    </UnitTestResult>
    <UnitTestResult executionId="9b81f3c7-f06f-47d9-9963-d7ef84af2d58" testId="69632b69-fa22-490a-fcd2-19e2b346399b" testName="GenericGetRegistrationsIncludesAllButOnlyExpectedRegistrations" computerName="MATTHEW-PC" duration="00:00:00.0017346" startTime="2011-03-13T20:58:55.2198015-04:00" endTime="2011-03-13T20:58:55.2248018-04:00" testType="13cdc9d9-ddb5-4fa4-a97d-d965ccfc6d4b" outcome="Passed" testListId="8c84fa94-04c1-424b-9868-57a2d4851a1d" relativeResultsDirectory="9b81f3c7-f06f-47d9-9963-d7ef84af2d58">
    </UnitTestResult>
    <UnitTestResult executionId="89b36c72-608b-4e8b-9069-b90f9f9d6658" testId="6a6f5667-8021-ded1-e2d6-a6e28300ad63" testName="CanRemoveRegistration" computerName="MATTHEW-PC" duration="00:00:00.0012956" startTime="2011-03-13T20:58:55.2298021-04:00" endTime="2011-03-13T20:58:55.2348024-04:00" testType="13cdc9d9-ddb5-4fa4-a97d-d965ccfc6d4b" outcome="Passed" testListId="8c84fa94-04c1-424b-9868-57a2d4851a1d" relativeResultsDirectory="89b36c72-608b-4e8b-9069-b90f9f9d6658">
    </UnitTestResult>
    <UnitTestResult executionId="902811e8-aabc-464e-a89a-722053d53cfa" testId="6a732e0d-f614-e8c4-299e-cacd5943d405" testName="AlwayNewLifetimeManagerAlwaysReturnsNewInstance" computerName="MATTHEW-PC" duration="00:00:00.0010924" startTime="2011-03-13T20:58:55.2398027-04:00" endTime="2011-03-13T20:58:55.2448030-04:00" testType="13cdc9d9-ddb5-4fa4-a97d-d965ccfc6d4b" outcome="Passed" testListId="8c84fa94-04c1-424b-9868-57a2d4851a1d" relativeResultsDirectory="902811e8-aabc-464e-a89a-722053d53cfa">
    </UnitTestResult>
    <UnitTestResult executionId="41661bad-104e-4d07-83a4-2345ae06c88b" testId="6c7ce41a-d1b1-7b6b-b573-c527725b0f30" testName="IsDependentOnTest" computerName="MATTHEW-PC" duration="00:00:00.5718533" startTime="2011-03-13T20:58:55.2498033-04:00" endTime="2011-03-13T20:58:55.8248362-04:00" testType="13cdc9d9-ddb5-4fa4-a97d-d965ccfc6d4b" outcome="Passed" testListId="8c84fa94-04c1-424b-9868-57a2d4851a1d" relativeResultsDirectory="41661bad-104e-4d07-83a4-2345ae06c88b">
    </UnitTestResult>
    <UnitTestResult executionId="5f7f14a3-811d-4df0-b6ef-7f31e091fcfb" testId="74401043-6b4f-625b-83ed-3108fcbfc4d8" testName="CachedLifetimeManagerReturnsDifferentObjectIfAbsoluteTimeExpired" computerName="MATTHEW-PC" duration="00:00:03.0006948" startTime="2011-03-13T20:58:55.8298364-04:00" endTime="2011-03-13T20:58:58.8340083-04:00" testType="13cdc9d9-ddb5-4fa4-a97d-d965ccfc6d4b" outcome="Passed" testListId="8c84fa94-04c1-424b-9868-57a2d4851a1d" relativeResultsDirectory="5f7f14a3-811d-4df0-b6ef-7f31e091fcfb">
    </UnitTestResult>
    <UnitTestResult executionId="e8f0e007-6bf1-4a88-b273-4da456ae6335" testId="7c044e9e-239b-5e8a-9945-1eec979fd0e4" testName="AttemptingNonGenericNamelessGetRegistrationForANonexistingEntryThrows" computerName="MATTHEW-PC" duration="00:00:00.0007161" startTime="2011-03-13T20:58:58.8400086-04:00" endTime="2011-03-13T20:58:58.8460090-04:00" testType="13cdc9d9-ddb5-4fa4-a97d-d965ccfc6d4b" outcome="Passed" testListId="8c84fa94-04c1-424b-9868-57a2d4851a1d" relativeResultsDirectory="e8f0e007-6bf1-4a88-b273-4da456ae6335">
    </UnitTestResult>
    <UnitTestResult executionId="27733b74-5fa6-4609-8cb3-2091804aa8a0" testId="7e179625-6a6a-f6e6-2be8-d2d81b4f7cc3" testName="GenericNamelessRegistrationReturnsRegistrationObject" computerName="MATTHEW-PC" duration="00:00:00.0005380" startTime="2011-03-13T20:58:58.8500092-04:00" endTime="2011-03-13T20:58:58.8560095-04:00" testType="13cdc9d9-ddb5-4fa4-a97d-d965ccfc6d4b" outcome="Passed" testListId="8c84fa94-04c1-424b-9868-57a2d4851a1d" relativeResultsDirectory="27733b74-5fa6-4609-8cb3-2091804aa8a0">
    </UnitTestResult>
    <UnitTestResult executionId="9bf18621-fe06-4c8f-9cfa-863295a4258e" testId="85732068-c00f-106c-8c3f-0f4948b43550" testName="TypeRegisterWhenTImplHasNoPublicConstructorThrows" computerName="MATTHEW-PC" duration="00:00:00.0008628" startTime="2011-03-13T20:58:58.8610098-04:00" endTime="2011-03-13T20:58:58.8660101-04:00" testType="13cdc9d9-ddb5-4fa4-a97d-d965ccfc6d4b" outcome="Passed" testListId="8c84fa94-04c1-424b-9868-57a2d4851a1d" relativeResultsDirectory="9bf18621-fe06-4c8f-9cfa-863295a4258e">
    </UnitTestResult>
    <UnitTestResult executionId="3cc2bfc7-e5c3-4610-bc0a-ca67b7b73ca9" testId="88540dc1-a4d2-c6fa-b206-39a7941e5d7c" testName="CanCreateContainer" computerName="MATTHEW-PC" duration="00:00:00.0003538" startTime="2011-03-13T20:58:58.8700103-04:00" endTime="2011-03-13T20:58:58.8750106-04:00" testType="13cdc9d9-ddb5-4fa4-a97d-d965ccfc6d4b" outcome="Passed" testListId="8c84fa94-04c1-424b-9868-57a2d4851a1d" relativeResultsDirectory="3cc2bfc7-e5c3-4610-bc0a-ca67b7b73ca9">
    </UnitTestResult>
    <UnitTestResult executionId="f2ee4498-f790-4799-a0e0-1cd7b8c09dc3" testId="8abbdcc9-980c-160e-1935-a1781d061c23" testName="NonGenericNamelessInstanceRegistrationReturnsRegistrationObject" computerName="MATTHEW-PC" duration="00:00:00.0008510" startTime="2011-03-13T20:58:58.8800109-04:00" endTime="2011-03-13T20:58:58.8850112-04:00" testType="13cdc9d9-ddb5-4fa4-a97d-d965ccfc6d4b" outcome="Passed" testListId="8c84fa94-04c1-424b-9868-57a2d4851a1d" relativeResultsDirectory="f2ee4498-f790-4799-a0e0-1cd7b8c09dc3">
    </UnitTestResult>
    <UnitTestResult executionId="b0bf431f-4321-4d29-86db-5bf4e6d8516d" testId="8c0edb47-9b07-331b-7cda-e0f9666bb85e" testName="DefaultLifetimeMangerIsNull" computerName="MATTHEW-PC" duration="00:00:00.0002833" startTime="2011-03-13T20:58:58.8900115-04:00" endTime="2011-03-13T20:58:58.8950118-04:00" testType="13cdc9d9-ddb5-4fa4-a97d-d965ccfc6d4b" outcome="Passed" testListId="8c84fa94-04c1-424b-9868-57a2d4851a1d" relativeResultsDirectory="b0bf431f-4321-4d29-86db-5bf4e6d8516d">
    </UnitTestResult>
    <UnitTestResult executionId="0bc49cbc-f788-4fed-96c8-ce5c8344d76d" testId="8fa2939f-9ed9-b26c-3a9d-a157e7b7e6d1" testName="ContainerLifetimeManagerAlwaysReturnsSameInstance" computerName="MATTHEW-PC" duration="00:00:00.0018886" startTime="2011-03-13T20:58:58.8990120-04:00" endTime="2011-03-13T20:58:58.9060124-04:00" testType="13cdc9d9-ddb5-4fa4-a97d-d965ccfc6d4b" outcome="Passed" testListId="8c84fa94-04c1-424b-9868-57a2d4851a1d" relativeResultsDirectory="0bc49cbc-f788-4fed-96c8-ce5c8344d76d">
    </UnitTestResult>
    <UnitTestResult executionId="bb41c7be-94d3-4f4b-8fb2-8787996c1be1" testId="9424efb9-0f36-a5f2-03f4-036d22061075" testName="ThreadLocalStorageLifetimeManagerReturnsSameObjectForSameRequest" computerName="MATTHEW-PC" duration="00:00:00.0030281" startTime="2011-03-13T20:58:58.9100126-04:00" endTime="2011-03-13T20:58:58.9690160-04:00" testType="13cdc9d9-ddb5-4fa4-a97d-d965ccfc6d4b" outcome="Passed" testListId="8c84fa94-04c1-424b-9868-57a2d4851a1d" relativeResultsDirectory="bb41c7be-94d3-4f4b-8fb2-8787996c1be1">
    </UnitTestResult>
    <UnitTestResult executionId="7bad22f2-a5be-4ec8-8eb9-60fa8787c202" testId="956529f1-b9c1-1401-c62a-49630e35128c" testName="UnnamedTypeRegistrationReturnsRegistration" computerName="MATTHEW-PC" duration="00:00:00.0007514" startTime="2011-03-13T20:58:58.9730162-04:00" endTime="2011-03-13T20:58:58.9790166-04:00" testType="13cdc9d9-ddb5-4fa4-a97d-d965ccfc6d4b" outcome="Passed" testListId="8c84fa94-04c1-424b-9868-57a2d4851a1d" relativeResultsDirectory="7bad22f2-a5be-4ec8-8eb9-60fa8787c202">
    </UnitTestResult>
    <UnitTestResult executionId="0bbfc737-86d4-4524-a464-b26aaf933295" testId="98c8c603-3f38-1043-5bbd-fbda6491744d" testName="UsesDefaultLifetimeManagerOfChangesTheDefaultLifetimeManager" computerName="MATTHEW-PC" duration="00:00:00.0007900" startTime="2011-03-13T20:58:58.9830168-04:00" endTime="2011-03-13T20:58:58.9880171-04:00" testType="13cdc9d9-ddb5-4fa4-a97d-d965ccfc6d4b" outcome="Passed" testListId="8c84fa94-04c1-424b-9868-57a2d4851a1d" relativeResultsDirectory="0bbfc737-86d4-4524-a464-b26aaf933295">
    </UnitTestResult>
    <UnitTestResult executionId="ceb38d1d-eddc-4255-b8f1-5706d3297f9f" testId="9d736676-0887-194c-f0b1-572b8ad38118" testName="WithPriorityTest" computerName="MATTHEW-PC" duration="00:00:00.0002099" startTime="2011-03-13T20:58:58.9920173-04:00" endTime="2011-03-13T20:58:58.9960175-04:00" testType="13cdc9d9-ddb5-4fa4-a97d-d965ccfc6d4b" outcome="Passed" testListId="8c84fa94-04c1-424b-9868-57a2d4851a1d" relativeResultsDirectory="ceb38d1d-eddc-4255-b8f1-5706d3297f9f">
    </UnitTestResult>
    <UnitTestResult executionId="e8ac58f5-8463-4bed-bb41-0c175e709d97" testId="a34fe5e7-35bb-e624-702e-24f9f33a2a3c" testName="GenericNamedInstanceRegistrationReturnsRegistrationObject" computerName="MATTHEW-PC" duration="00:00:00.0018102" startTime="2011-03-13T20:58:58.9990177-04:00" endTime="2011-03-13T20:58:59.0070182-04:00" testType="13cdc9d9-ddb5-4fa4-a97d-d965ccfc6d4b" outcome="Passed" testListId="8c84fa94-04c1-424b-9868-57a2d4851a1d" relativeResultsDirectory="e8ac58f5-8463-4bed-bb41-0c175e709d97">
    </UnitTestResult>
    <UnitTestResult executionId="f992970b-774c-4658-ace8-240de67e3743" testId="a479c1b2-437f-35db-c5cb-e932a3a155a6" testName="AttemptingToResolveANonexistingEntryThrows" computerName="MATTHEW-PC" duration="00:00:00.0029547" startTime="2011-03-13T20:58:59.0100183-04:00" endTime="2011-03-13T20:58:59.0220190-04:00" testType="13cdc9d9-ddb5-4fa4-a97d-d965ccfc6d4b" outcome="Passed" testListId="8c84fa94-04c1-424b-9868-57a2d4851a1d" relativeResultsDirectory="f992970b-774c-4658-ace8-240de67e3743">
    </UnitTestResult>
    <UnitTestResult executionId="c4926ef5-2f82-43ad-89dc-c66dbc8c4e5b" testId="a5d92d98-0860-8285-0345-2908c94ba662" testName="GenericNamedLazyResolveReturnsDelegateReturningObjectOfExpectedType" computerName="MATTHEW-PC" duration="00:00:00.0024480" startTime="2011-03-13T20:58:59.0270193-04:00" endTime="2011-03-13T20:58:59.0340197-04:00" testType="13cdc9d9-ddb5-4fa4-a97d-d965ccfc6d4b" outcome="Passed" testListId="8c84fa94-04c1-424b-9868-57a2d4851a1d" relativeResultsDirectory="c4926ef5-2f82-43ad-89dc-c66dbc8c4e5b">
    </UnitTestResult>
    <UnitTestResult executionId="b64398a8-894d-4c8b-84a7-653fddb84900" testId="a92ff8ba-b49c-1c69-183f-afe9c7a7a8e6" testName="GenericNamelessLazyResolveReturnsDelegateReturningObjectOfExpectedType" computerName="MATTHEW-PC" duration="00:00:00.0009983" startTime="2011-03-13T20:58:59.0380199-04:00" endTime="2011-03-13T20:58:59.0450203-04:00" testType="13cdc9d9-ddb5-4fa4-a97d-d965ccfc6d4b" outcome="Passed" testListId="8c84fa94-04c1-424b-9868-57a2d4851a1d" relativeResultsDirectory="b64398a8-894d-4c8b-84a7-653fddb84900">
    </UnitTestResult>
    <UnitTestResult executionId="1506705e-e493-43e0-8e03-414c99d45827" testId="ad0e59ae-bfd6-6f40-eeaa-9abe045de9b9" testName="GenericNamedGetRegistrationReturnTheExpectedRegistration" computerName="MATTHEW-PC" duration="00:00:00.0005196" startTime="2011-03-13T20:58:59.0490206-04:00" endTime="2011-03-13T20:58:59.0540209-04:00" testType="13cdc9d9-ddb5-4fa4-a97d-d965ccfc6d4b" outcome="Passed" testListId="8c84fa94-04c1-424b-9868-57a2d4851a1d" relativeResultsDirectory="1506705e-e493-43e0-8e03-414c99d45827">
    </UnitTestResult>
    <UnitTestResult executionId="9ab0427c-0b95-4553-b315-12fb25954fd3" testId="afc32bcc-31c8-e45b-b67f-cb8423f1676c" testName="NonGenericNamedResolveReturnsObjectOfExpectedType" computerName="MATTHEW-PC" duration="00:00:00.0007385" startTime="2011-03-13T20:58:59.0590211-04:00" endTime="2011-03-13T20:58:59.0640214-04:00" testType="13cdc9d9-ddb5-4fa4-a97d-d965ccfc6d4b" outcome="Passed" testListId="8c84fa94-04c1-424b-9868-57a2d4851a1d" relativeResultsDirectory="9ab0427c-0b95-4553-b315-12fb25954fd3">
    </UnitTestResult>
    <UnitTestResult executionId="1a92de5e-adb7-4227-9e59-fac79798dbc9" testId="b22ba063-90ed-f619-23ea-18a13a98113a" testName="AttemptingNonGenericNamedGetRegistrationForANonexistingEntryThrows" computerName="MATTHEW-PC" duration="00:00:00.0005974" startTime="2011-03-13T20:58:59.0680217-04:00" endTime="2011-03-13T20:58:59.0730219-04:00" testType="13cdc9d9-ddb5-4fa4-a97d-d965ccfc6d4b" outcome="Passed" testListId="8c84fa94-04c1-424b-9868-57a2d4851a1d" relativeResultsDirectory="1a92de5e-adb7-4227-9e59-fac79798dbc9">
    </UnitTestResult>
    <UnitTestResult executionId="2de8a937-11b6-43d0-af40-2c97b2b6f571" testId="b284fe69-a348-9433-e2b1-e6a7b3d35279" testName="NonGenericNamelessLazyResolveReturnsDelegateReturningObjectOfExpectedType" computerName="MATTHEW-PC" duration="00:00:00.0009149" startTime="2011-03-13T20:58:59.0770222-04:00" endTime="2011-03-13T20:58:59.0820225-04:00" testType="13cdc9d9-ddb5-4fa4-a97d-d965ccfc6d4b" outcome="Passed" testListId="8c84fa94-04c1-424b-9868-57a2d4851a1d" relativeResultsDirectory="2de8a937-11b6-43d0-af40-2c97b2b6f571">
    </UnitTestResult>
    <UnitTestResult executionId="5d7dc8e8-3c14-4cac-be34-bbaee3a7c0c9" testId="b68ccd34-e766-116b-6658-ac8a0cb2adec" testName="CanRegisterAndResolveMultipleTypes" computerName="MATTHEW-PC" duration="00:00:00.0011780" startTime="2011-03-13T20:58:59.0860227-04:00" endTime="2011-03-13T20:58:59.0920230-04:00" testType="13cdc9d9-ddb5-4fa4-a97d-d965ccfc6d4b" outcome="Passed" testListId="8c84fa94-04c1-424b-9868-57a2d4851a1d" relativeResultsDirectory="5d7dc8e8-3c14-4cac-be34-bbaee3a7c0c9">
    </UnitTestResult>
    <UnitTestResult executionId="4ca30fe3-bca2-481c-806d-b8c50f47edf6" testId="b93ee418-bf96-be02-1b6b-eb0cd40096c4" testName="GenericNamelessResolveReturnsObjectOfExpectedType" computerName="MATTHEW-PC" duration="00:00:00.0057247" startTime="2011-03-13T20:58:59.0960233-04:00" endTime="2011-03-13T20:58:59.1180245-04:00" testType="13cdc9d9-ddb5-4fa4-a97d-d965ccfc6d4b" outcome="Passed" testListId="8c84fa94-04c1-424b-9868-57a2d4851a1d" relativeResultsDirectory="4ca30fe3-bca2-481c-806d-b8c50f47edf6">
    </UnitTestResult>
    <UnitTestResult executionId="41d67e98-7f48-45c7-bcf7-4eb11e11ea4e" testId="bd94bb4a-d7fb-5f14-9e4b-e5eeeb44c3db" testName="NonGenericNamelessRegistrationReturnsRegistrationObject" computerName="MATTHEW-PC" duration="00:00:00.0047577" startTime="2011-03-13T20:58:59.1250249-04:00" endTime="2011-03-13T20:58:59.1430259-04:00" testType="13cdc9d9-ddb5-4fa4-a97d-d965ccfc6d4b" outcome="Passed" testListId="8c84fa94-04c1-424b-9868-57a2d4851a1d" relativeResultsDirectory="41d67e98-7f48-45c7-bcf7-4eb11e11ea4e">
    </UnitTestResult>
    <UnitTestResult executionId="474624d3-1cd6-41aa-a810-75ceb8761058" testId="c3410a5d-bef4-5e97-00e1-4c02ba358242" testName="CachedLifetimeManagerReturnsDifferentObjectIfCacheExpired" computerName="MATTHEW-PC" duration="00:00:00.0018276" startTime="2011-03-13T20:58:59.1470262-04:00" endTime="2011-03-13T20:58:59.1540266-04:00" testType="13cdc9d9-ddb5-4fa4-a97d-d965ccfc6d4b" outcome="Passed" testListId="8c84fa94-04c1-424b-9868-57a2d4851a1d" relativeResultsDirectory="474624d3-1cd6-41aa-a810-75ceb8761058">
    </UnitTestResult>
    <UnitTestResult executionId="1647820e-41df-4f69-9c87-935a3ab3230d" testId="d4160764-39cc-42b4-f06d-e68e0ae453c2" testName="GetRegistrationsReturnsAnEmptyListIfNoRegistrationsOfTheRequesetedType" computerName="MATTHEW-PC" duration="00:00:00.0010073" startTime="2011-03-13T20:58:59.1590269-04:00" endTime="2011-03-13T20:58:59.1640271-04:00" testType="13cdc9d9-ddb5-4fa4-a97d-d965ccfc6d4b" outcome="Passed" testListId="8c84fa94-04c1-424b-9868-57a2d4851a1d" relativeResultsDirectory="1647820e-41df-4f69-9c87-935a3ab3230d">
    </UnitTestResult>
    <UnitTestResult executionId="6f029d41-2669-458f-b023-352823dcaf3b" testId="d6bfda43-021e-4f00-452d-9ca6f6423fc8" testName="CanSetDefaultLifetimeManagerToContainerLifetime" computerName="MATTHEW-PC" duration="00:00:00.0003331" startTime="2011-03-13T20:58:59.1690274-04:00" endTime="2011-03-13T20:58:59.1730277-04:00" testType="13cdc9d9-ddb5-4fa4-a97d-d965ccfc6d4b" outcome="Passed" testListId="8c84fa94-04c1-424b-9868-57a2d4851a1d" relativeResultsDirectory="6f029d41-2669-458f-b023-352823dcaf3b">
    </UnitTestResult>
    <UnitTestResult executionId="201c857a-e3c1-43fc-aa73-16f58d7c78a4" testId="de6008c1-76f2-7132-ae65-5f4a0125abc2" testName="NonGenericNamelessResolveReturnsObjectOfExpectedType" computerName="MATTHEW-PC" duration="00:00:00.0007301" startTime="2011-03-13T20:58:59.1770279-04:00" endTime="2011-03-13T20:58:59.1820282-04:00" testType="13cdc9d9-ddb5-4fa4-a97d-d965ccfc6d4b" outcome="Passed" testListId="8c84fa94-04c1-424b-9868-57a2d4851a1d" relativeResultsDirectory="201c857a-e3c1-43fc-aa73-16f58d7c78a4">
    </UnitTestResult>
    <UnitTestResult executionId="9295d923-52f2-489a-b4db-1d42c0bc4dc5" testId="e0653beb-d9fd-a22f-72ce-98d334f66168" testName="GenericNamedRegistrationReturnsRegistrationObject" computerName="MATTHEW-PC" duration="00:00:00.0006299" startTime="2011-03-13T20:58:59.1860284-04:00" endTime="2011-03-13T20:58:59.1910287-04:00" testType="13cdc9d9-ddb5-4fa4-a97d-d965ccfc6d4b" outcome="Passed" testListId="8c84fa94-04c1-424b-9868-57a2d4851a1d" relativeResultsDirectory="9295d923-52f2-489a-b4db-1d42c0bc4dc5">
    </UnitTestResult>
    <UnitTestResult executionId="87ad06fe-0135-492b-ac3c-0ab9c97ad882" testId="e14e2fc4-22dc-6eb3-48a3-f7e2833cb6f4" testName="DifferentNamedRegistrationsResolveToDifferentTypes" computerName="MATTHEW-PC" duration="00:00:00.0012206" startTime="2011-03-13T20:58:59.1950289-04:00" endTime="2011-03-13T20:58:59.2000292-04:00" testType="13cdc9d9-ddb5-4fa4-a97d-d965ccfc6d4b" outcome="Passed" testListId="8c84fa94-04c1-424b-9868-57a2d4851a1d" relativeResultsDirectory="87ad06fe-0135-492b-ac3c-0ab9c97ad882">
    </UnitTestResult>
    <UnitTestResult executionId="2cd750b6-a6c2-42bc-9802-4cee8367a20e" testId="e423bcac-7f31-7198-860c-bdf579cc0a79" testName="SessionLifetimeManagerReturnsDifferentObjectForDifferentSession" computerName="MATTHEW-PC" duration="00:00:00.1050815" startTime="2011-03-13T20:58:59.2040294-04:00" endTime="2011-03-13T20:58:59.3130357-04:00" testType="13cdc9d9-ddb5-4fa4-a97d-d965ccfc6d4b" outcome="Passed" testListId="8c84fa94-04c1-424b-9868-57a2d4851a1d" relativeResultsDirectory="2cd750b6-a6c2-42bc-9802-4cee8367a20e">
    </UnitTestResult>
    <UnitTestResult executionId="e2a7caaa-1a1a-4e97-b946-34c07c0e5afc" testId="e8e09833-9fe4-1572-a322-d000697ecbb6" testName="AttemptingNamelessGenericGetRegistrationForANonexistingEntryThrows" computerName="MATTHEW-PC" duration="00:00:00.0005884" startTime="2011-03-13T20:58:59.3180360-04:00" endTime="2011-03-13T20:58:59.3220362-04:00" testType="13cdc9d9-ddb5-4fa4-a97d-d965ccfc6d4b" outcome="Passed" testListId="8c84fa94-04c1-424b-9868-57a2d4851a1d" relativeResultsDirectory="e2a7caaa-1a1a-4e97-b946-34c07c0e5afc">
    </UnitTestResult>
    <UnitTestResult executionId="6f7ce752-ad44-4ce1-b1ab-3faff5d0957c" testId="ea6f0aba-3043-62ef-066f-025b85dc42f9" testName="UnnamedTypeWithParametersRegistrationResolvesToCorrectType" computerName="MATTHEW-PC" duration="00:00:00.0017027" startTime="2011-03-13T20:58:59.3260364-04:00" endTime="2011-03-13T20:58:59.3320368-04:00" testType="13cdc9d9-ddb5-4fa4-a97d-d965ccfc6d4b" outcome="Passed" testListId="8c84fa94-04c1-424b-9868-57a2d4851a1d" relativeResultsDirectory="6f7ce752-ad44-4ce1-b1ab-3faff5d0957c">
    </UnitTestResult>
    <UnitTestResult executionId="25d61759-1b5e-41b4-8fa1-23837ff599cd" testId="eb6a59d9-d1f4-cc24-8094-97c386e29555" testName="RequestLifetimeManagerReturnsSameObjectForSameRequest" computerName="MATTHEW-PC" duration="00:00:00.0019619" startTime="2011-03-13T20:58:59.3360370-04:00" endTime="2011-03-13T20:58:59.3420373-04:00" testType="13cdc9d9-ddb5-4fa4-a97d-d965ccfc6d4b" outcome="Passed" testListId="8c84fa94-04c1-424b-9868-57a2d4851a1d" relativeResultsDirectory="25d61759-1b5e-41b4-8fa1-23837ff599cd">
    </UnitTestResult>
  </Results>
</TestRun>